[2025-08-23T20:05:10.033Z] [LOG] ✅ Express app initialized
[2025-08-23T20:05:10.037Z] [LOG] Listening on port 8080
[2025-08-23T20:05:11.136Z] [LOG] MongoDB connected on AUTH
[2025-08-23T20:05:11.186Z] [LOG] MongoDB connected on FILE
[2025-08-23T20:05:11.294Z] [LOG] MongoDB connected on INFORMATION
[2025-08-23T20:06:45.170Z] [LOG] ✅ Express app initialized
[2025-08-23T20:06:45.174Z] [LOG] Listening on port 8080
[2025-08-23T20:06:46.163Z] [LOG] MongoDB connected on FILE
[2025-08-23T20:06:46.206Z] [LOG] MongoDB connected on AUTH
[2025-08-23T20:06:46.207Z] [LOG] MongoDB connected on INFORMATION
[2025-08-23T20:06:49.391Z] [LOG] ashche
[2025-08-23T20:06:57.622Z] [LOG] ✅ Express app initialized
[2025-08-23T20:06:57.626Z] [LOG] Listening on port 8080
[2025-08-23T20:06:58.482Z] [LOG] MongoDB connected on INFORMATION
[2025-08-23T20:06:58.487Z] [LOG] MongoDB connected on AUTH
[2025-08-23T20:06:58.488Z] [LOG] MongoDB connected on FILE
[2025-08-23T20:07:00.232Z] [LOG] June_22_3y_CCCU Business & Tourism_M1 68a5e5215abc029c1c0f4385
[2025-08-23T20:07:46.228Z] [LOG] ✅ Express app initialized
[2025-08-23T20:07:46.232Z] [LOG] Listening on port 8080
[2025-08-23T20:07:47.300Z] [LOG] MongoDB connected on FILE
[2025-08-23T20:07:47.304Z] [LOG] MongoDB connected on AUTH
[2025-08-23T20:07:47.316Z] [LOG] MongoDB connected on INFORMATION
[2025-08-23T20:07:54.076Z] [LOG] 
[2025-08-23T20:08:01.867Z] [LOG] ✅ Express app initialized
[2025-08-23T20:08:01.871Z] [LOG] Listening on port 8080
[2025-08-23T20:08:02.717Z] [LOG] MongoDB connected on FILE
[2025-08-23T20:08:02.721Z] [LOG] MongoDB connected on AUTH
[2025-08-23T20:08:02.735Z] [LOG] MongoDB connected on INFORMATION
[2025-08-23T20:08:57.052Z] [LOG] ✅ Express app initialized
[2025-08-23T20:08:57.056Z] [LOG] Listening on port 8080
[2025-08-23T20:08:58.036Z] [LOG] MongoDB connected on AUTH
[2025-08-23T20:08:58.040Z] [LOG] MongoDB connected on FILE
[2025-08-23T20:08:58.117Z] [LOG] MongoDB connected on INFORMATION
[2025-08-23T20:08:59.792Z] [LOG] June_22_3y_CCCU Business & Tourism_M1 68a5e5215abc029c1c0f4385
[2025-08-23T20:08:59.874Z] [LOG] 
[2025-08-23T20:09:00.105Z] [LOG] June_22_3y_CCCU Business & Tourism_M1 68a5e5215abc029c1c0f4385
[2025-08-23T20:09:00.184Z] [LOG] 
[2025-08-23T20:09:37.439Z] [LOG] June_22_3y_CCCU Business & Tourism_M2 68a5e5215abc029c1c0f4385
[2025-08-23T20:09:37.441Z] [LOG] June_22_3y_CCCU Business & Tourism_M2 68a5e5215abc029c1c0f4385
[2025-08-23T20:09:37.517Z] [LOG] 
[2025-08-23T20:09:37.518Z] [LOG] 
[2025-08-23T20:12:03.265Z] [LOG] June_22_3y_CCCU Business & Tourism_M1 68a5e5215abc029c1c0f4385
[2025-08-23T20:12:03.340Z] [LOG] 
[2025-08-23T20:12:03.516Z] [LOG] June_22_3y_CCCU Business & Tourism_M1 68a5e5215abc029c1c0f4385
[2025-08-23T20:12:03.593Z] [LOG] 
[2025-08-23T20:16:11.641Z] [LOG] ✅ Express app initialized
[2025-08-23T20:16:11.646Z] [LOG] Listening on port 8080
[2025-08-23T20:16:12.672Z] [LOG] MongoDB connected on AUTH
[2025-08-23T20:16:12.825Z] [LOG] MongoDB connected on INFORMATION
[2025-08-23T20:16:14.404Z] [LOG] MongoDB connected on FILE
[2025-08-23T20:19:31.251Z] [ERROR] Failed to create and attach student log: Missing or invalid logging parameters.
[2025-08-23T20:19:52.194Z] [LOG] ✅ Express app initialized
[2025-08-23T20:19:52.197Z] [LOG] Listening on port 8080
[2025-08-23T20:19:53.190Z] [LOG] MongoDB connected on FILE
[2025-08-23T20:19:53.275Z] [LOG] MongoDB connected on INFORMATION
[2025-08-23T20:19:53.278Z] [LOG] MongoDB connected on AUTH
[2025-08-23T20:20:15.293Z] [ERROR] Failed to create and attach student log: Missing or invalid logging parameters.
[2025-08-23T20:20:46.590Z] [LOG] ✅ Express app initialized
[2025-08-23T20:20:46.594Z] [LOG] Listening on port 8080
[2025-08-23T20:20:47.415Z] [LOG] MongoDB connected on AUTH
[2025-08-23T20:20:47.419Z] [LOG] MongoDB connected on INFORMATION
[2025-08-23T20:20:47.422Z] [LOG] MongoDB connected on FILE
[2025-08-23T20:20:58.864Z] [ERROR] Failed to create and attach student log: Missing or invalid logging parameters.
[2025-08-23T20:21:10.937Z] [LOG] ✅ Express app initialized
[2025-08-23T20:21:10.941Z] [LOG] Listening on port 8080
[2025-08-23T20:21:11.769Z] [LOG] MongoDB connected on AUTH
[2025-08-23T20:21:11.773Z] [LOG] MongoDB connected on INFORMATION
[2025-08-23T20:21:11.811Z] [LOG] MongoDB connected on FILE
[2025-08-23T20:22:10.701Z] [LOG] Student log STUDENTLOG--0382 created and added to student CS001
[2025-08-23T20:22:10.701Z] [LOG] Student log STUDENTLOG--0381 created and added to student 12345
[2025-08-23T20:22:10.702Z] [LOG] Student log STUDENTLOG--0383 created and added to student CS002
[2025-08-23T20:22:11.073Z] [LOG] Student log STUDENTLOG--0384 created and added to student CS002
[2025-08-23T20:22:11.074Z] [LOG] Student log STUDENTLOG--0385 created and added to student CS001
[2025-08-23T20:22:11.074Z] [LOG] Student log STUDENTLOG--0386 created and added to student 12345
[2025-08-23T20:22:11.075Z] [LOG] Student log STUDENTLOG--0387 created and added to student CS002
[2025-08-23T20:22:11.079Z] [LOG] Student log STUDENTLOG--0388 created and added to student CS001
[2025-08-23T20:22:11.723Z] [LOG] Student log STUDENTLOG--0389 created and added to student 12345
[2025-08-23T20:22:12.160Z] [LOG] Degree BBA001-2 updated successfully
[2025-08-23T20:22:54.736Z] [LOG] BBA001_M1 684024fe13dce32de11e7724
[2025-08-23T20:22:54.738Z] [LOG] BBA001_M1 684024fe13dce32de11e7724
[2025-08-23T20:22:54.814Z] [LOG] 
[2025-08-23T20:22:54.817Z] [LOG] 
[2025-08-23T20:27:19.015Z] [LOG] Student log STUDENTLOG--0390 created and added to student 12345
[2025-08-23T20:27:19.025Z] [LOG] Student log STUDENTLOG--0391 created and added to student CS002
[2025-08-23T20:27:19.039Z] [LOG] Student log STUDENTLOG--0392 created and added to student CS001
[2025-08-23T20:27:19.489Z] [LOG] Student log STUDENTLOG--0394 created and added to student 12345
[2025-08-23T20:27:19.489Z] [LOG] Student log STUDENTLOG--0395 created and added to student 12345
[2025-08-23T20:27:19.489Z] [LOG] Student log STUDENTLOG--0393 created and added to student CS002
[2025-08-23T20:27:19.490Z] [LOG] Student log STUDENTLOG--0396 created and added to student CS002
[2025-08-23T20:27:19.493Z] [LOG] Student log STUDENTLOG--0397 created and added to student CS001
[2025-08-23T20:27:19.500Z] [LOG] Student log STUDENTLOG--0398 created and added to student CS001
[2025-08-23T20:27:19.909Z] [LOG] Degree BBA001 updated successfully
[2025-08-23T20:27:34.396Z] [LOG] BBA001_M1 684024fe13dce32de11e7724
[2025-08-23T20:27:34.402Z] [LOG] BBA001_M1 684024fe13dce32de11e7724
[2025-08-23T20:27:34.476Z] [LOG] { _id: new ObjectId('68402548e0fa2fbb759b203b') }
[2025-08-23T20:27:34.478Z] [LOG] { _id: new ObjectId('68402548e0fa2fbb759b203b') }
[2025-08-23T20:28:08.885Z] [LOG] ✅ Express app initialized
[2025-08-23T20:28:08.889Z] [LOG] Listening on port 8080
[2025-08-23T20:28:09.982Z] [LOG] MongoDB connected on INFORMATION
[2025-08-23T20:28:09.989Z] [LOG] MongoDB connected on FILE
[2025-08-23T20:28:09.990Z] [LOG] MongoDB connected on AUTH
[2025-08-23T20:28:22.208Z] [LOG] [object Object]
[2025-08-23T20:28:22.806Z] [LOG] Student log STUDENTLOG--0401 created and added to student CS002
[2025-08-23T20:28:22.810Z] [LOG] Student log STUDENTLOG--0399 created and added to student CS001
[2025-08-23T20:28:22.812Z] [LOG] Student log STUDENTLOG--0400 created and added to student 12345
[2025-08-23T20:28:23.230Z] [LOG] Student log STUDENTLOG--0403 created and added to student CS001
[2025-08-23T20:28:23.230Z] [LOG] Student log STUDENTLOG--0405 created and added to student CS002
[2025-08-23T20:28:23.236Z] [LOG] Student log STUDENTLOG--0402 created and added to student 12345
[2025-08-23T20:28:23.237Z] [LOG] Student log STUDENTLOG--0404 created and added to student CS002
[2025-08-23T20:28:23.242Z] [LOG] Student log STUDENTLOG--0406 created and added to student CS001
[2025-08-23T20:28:23.681Z] [LOG] Student log STUDENTLOG--0407 created and added to student 12345
[2025-08-23T20:28:24.114Z] [LOG] Degree BBA001-2 updated successfully
[2025-08-23T20:28:31.192Z] [LOG] [object Object]
[2025-08-23T20:28:31.778Z] [LOG] Student log STUDENTLOG--0408 created and added to student CS001
[2025-08-23T20:28:31.780Z] [LOG] Student log STUDENTLOG--0410 created and added to student CS002
[2025-08-23T20:28:31.780Z] [LOG] Student log STUDENTLOG--0409 created and added to student 12345
[2025-08-23T20:28:32.286Z] [LOG] Student log STUDENTLOG--0415 created and added to student 12345
[2025-08-23T20:28:32.287Z] [LOG] Student log STUDENTLOG--0413 created and added to student 12345
[2025-08-23T20:28:32.288Z] [LOG] Student log STUDENTLOG--0412 created and added to student CS002
[2025-08-23T20:28:32.289Z] [LOG] Student log STUDENTLOG--0411 created and added to student CS002
[2025-08-23T20:28:32.289Z] [LOG] Student log STUDENTLOG--0414 created and added to student CS001
[2025-08-23T20:28:32.293Z] [LOG] Student log STUDENTLOG--0416 created and added to student CS001
[2025-08-23T20:28:32.727Z] [LOG] Degree BBA001 updated successfully
[2025-08-23T20:28:40.066Z] [LOG] ✅ Express app initialized
[2025-08-23T20:28:40.069Z] [LOG] Listening on port 8080
[2025-08-23T20:28:40.873Z] [LOG] MongoDB connected on FILE
[2025-08-23T20:28:40.877Z] [LOG] MongoDB connected on INFORMATION
[2025-08-23T20:28:40.880Z] [LOG] MongoDB connected on AUTH
[2025-08-23T20:30:06.991Z] [LOG] ✅ Express app initialized
[2025-08-23T20:30:06.996Z] [LOG] Listening on port 8080
[2025-08-23T20:30:08.033Z] [LOG] MongoDB connected on FILE
[2025-08-23T20:30:08.115Z] [LOG] MongoDB connected on INFORMATION
[2025-08-23T20:30:08.120Z] [LOG] MongoDB connected on AUTH
[2025-08-23T20:30:13.698Z] [LOG] Student log STUDENTLOG--0417 created and added to student CS002
[2025-08-23T20:30:13.699Z] [LOG] Student log STUDENTLOG--0418 created and added to student 12345
[2025-08-23T20:30:13.718Z] [LOG] Student log STUDENTLOG--0419 created and added to student CS001
[2025-08-23T20:30:14.086Z] [LOG] Student log STUDENTLOG--0423 created and added to student CS002
[2025-08-23T20:30:14.087Z] [LOG] Student log STUDENTLOG--0420 created and added to student 12345
[2025-08-23T20:30:14.088Z] [LOG] Student log STUDENTLOG--0421 created and added to student CS001
[2025-08-23T20:30:14.090Z] [LOG] Student log STUDENTLOG--0422 created and added to student CS002
[2025-08-23T20:30:14.092Z] [LOG] Student log STUDENTLOG--0424 created and added to student CS001
[2025-08-23T20:30:14.531Z] [LOG] Student log STUDENTLOG--0425 created and added to student 12345
[2025-08-23T20:30:14.948Z] [LOG] Degree BBA001-2 updated successfully
[2025-08-23T20:31:16.532Z] [LOG] ✅ Express app initialized
[2025-08-23T20:31:16.536Z] [LOG] Listening on port 8080
[2025-08-23T20:31:17.611Z] [LOG] MongoDB connected on FILE
[2025-08-23T20:31:17.617Z] [LOG] MongoDB connected on INFORMATION
[2025-08-23T20:31:17.621Z] [LOG] MongoDB connected on AUTH
[2025-08-23T20:31:41.213Z] [LOG] ✅ Express app initialized
[2025-08-23T20:31:41.217Z] [LOG] Listening on port 8080
[2025-08-23T20:31:42.068Z] [LOG] MongoDB connected on FILE
[2025-08-23T20:31:42.073Z] [LOG] MongoDB connected on AUTH
[2025-08-23T20:31:42.074Z] [LOG] MongoDB connected on INFORMATION
[2025-08-23T20:31:44.322Z] [LOG] [object Object]
[2025-08-23T20:31:44.569Z] [LOG] Student log STUDENTLOG--0426 created and added to student CS002
[2025-08-23T20:31:44.570Z] [LOG] Student log STUDENTLOG--0427 created and added to student 12345
[2025-08-23T20:31:44.572Z] [LOG] Student log STUDENTLOG--0428 created and added to student CS001
[2025-08-23T20:31:45.076Z] [LOG] Student log STUDENTLOG--0429 created and added to student CS002
[2025-08-23T20:31:45.076Z] [LOG] Student log STUDENTLOG--0431 created and added to student 12345
[2025-08-23T20:31:45.077Z] [LOG] Student log STUDENTLOG--0430 created and added to student CS001
[2025-08-23T20:31:45.518Z] [LOG] Student log STUDENTLOG--0432 created and added to student 12345
[2025-08-23T20:31:45.537Z] [LOG] Student log STUDENTLOG--0433 created and added to student CS001
[2025-08-23T20:31:45.538Z] [LOG] Student log STUDENTLOG--0434 created and added to student CS002
[2025-08-23T20:31:45.960Z] [LOG] Degree BBA001 updated successfully
[2025-08-23T20:32:22.191Z] [LOG] ✅ Express app initialized
[2025-08-23T20:32:22.194Z] [LOG] Listening on port 8080
[2025-08-23T20:32:23.244Z] [LOG] MongoDB connected on FILE
[2025-08-23T20:32:23.350Z] [LOG] MongoDB connected on INFORMATION
[2025-08-23T20:32:23.353Z] [LOG] MongoDB connected on AUTH
[2025-08-23T20:32:25.585Z] [ERROR] Background update failed: moduleList.foreach is not a function
[2025-08-23T20:32:25.823Z] [LOG] Student log STUDENTLOG--0435 created and added to student CS002
[2025-08-23T20:32:25.825Z] [LOG] Student log STUDENTLOG--0436 created and added to student 12345
[2025-08-23T20:32:25.826Z] [LOG] Student log STUDENTLOG--0437 created and added to student CS001
[2025-08-23T20:33:03.876Z] [LOG] ✅ Express app initialized
[2025-08-23T20:33:03.880Z] [LOG] Listening on port 8080
[2025-08-23T20:33:04.692Z] [LOG] MongoDB connected on INFORMATION
[2025-08-23T20:33:04.698Z] [LOG] MongoDB connected on FILE
[2025-08-23T20:33:04.700Z] [LOG] MongoDB connected on AUTH
[2025-08-23T20:33:07.142Z] [LOG] [object Object]
[2025-08-23T20:33:07.372Z] [LOG] Student log STUDENTLOG--0438 created and added to student 12345
[2025-08-23T20:33:07.376Z] [LOG] Student log STUDENTLOG--0439 created and added to student CS002
[2025-08-23T20:33:07.377Z] [LOG] Student log STUDENTLOG--0440 created and added to student CS001
[2025-08-23T20:33:07.845Z] [LOG] Student log STUDENTLOG--0442 created and added to student 12345
[2025-08-23T20:33:07.845Z] [LOG] Student log STUDENTLOG--0443 created and added to student CS002
[2025-08-23T20:33:07.846Z] [LOG] Student log STUDENTLOG--0441 created and added to student CS001
[2025-08-23T20:33:08.256Z] [LOG] Student log STUDENTLOG--0446 created and added to student CS001
[2025-08-23T20:33:08.258Z] [LOG] Student log STUDENTLOG--0444 created and added to student 12345
[2025-08-23T20:33:08.258Z] [LOG] Student log STUDENTLOG--0445 created and added to student CS002
[2025-08-23T20:33:08.653Z] [LOG] Degree BBA001 updated successfully
[2025-08-23T20:33:58.360Z] [LOG] ✅ Express app initialized
[2025-08-23T20:33:58.364Z] [LOG] Listening on port 8080
[2025-08-23T20:33:59.415Z] [LOG] MongoDB connected on AUTH
[2025-08-23T20:33:59.480Z] [LOG] MongoDB connected on INFORMATION
[2025-08-23T20:33:59.485Z] [LOG] MongoDB connected on FILE
[2025-08-23T20:34:00.452Z] [LOG] [object Object]
[2025-08-23T20:34:00.671Z] [LOG] Student log STUDENTLOG--0447 created and added to student CS002
[2025-08-23T20:34:00.672Z] [LOG] Student log STUDENTLOG--0448 created and added to student CS001
[2025-08-23T20:34:01.097Z] [LOG] Student log STUDENTLOG--0449 created and added to student 12345
[2025-08-23T20:34:01.173Z] [LOG] Student log STUDENTLOG--0450 created and added to student 12345
[2025-08-23T20:34:01.174Z] [LOG] Student log STUDENTLOG--0451 created and added to student CS002
[2025-08-23T20:34:01.180Z] [LOG] Student log STUDENTLOG--0452 created and added to student CS001
[2025-08-23T20:34:01.595Z] [LOG] Student log STUDENTLOG--0454 created and added to student 12345
[2025-08-23T20:34:01.596Z] [LOG] Student log STUDENTLOG--0453 created and added to student CS001
[2025-08-23T20:34:01.601Z] [LOG] Student log STUDENTLOG--0455 created and added to student CS002
[2025-08-23T20:34:02.008Z] [LOG] Degree BBA001 updated successfully
[2025-08-23T20:34:23.415Z] [LOG] ✅ Express app initialized
[2025-08-23T20:34:23.418Z] [LOG] Listening on port 8080
[2025-08-23T20:34:24.233Z] [LOG] MongoDB connected on FILE
[2025-08-23T20:34:24.238Z] [LOG] MongoDB connected on AUTH
[2025-08-23T20:34:24.240Z] [LOG] MongoDB connected on INFORMATION
[2025-08-23T20:34:26.089Z] [LOG] object
[2025-08-23T20:34:26.325Z] [LOG] Student log STUDENTLOG--0457 created and added to student CS002
[2025-08-23T20:34:26.326Z] [LOG] Student log STUDENTLOG--0456 created and added to student 12345
[2025-08-23T20:34:26.339Z] [LOG] Student log STUDENTLOG--0458 created and added to student CS001
[2025-08-23T20:34:26.826Z] [LOG] Student log STUDENTLOG--0459 created and added to student 12345
[2025-08-23T20:34:26.839Z] [LOG] Student log STUDENTLOG--0460 created and added to student CS002
[2025-08-23T20:34:26.842Z] [LOG] Student log STUDENTLOG--0461 created and added to student CS001
[2025-08-23T20:34:27.229Z] [LOG] Student log STUDENTLOG--0462 created and added to student CS001
[2025-08-23T20:34:27.241Z] [LOG] Student log STUDENTLOG--0463 created and added to student 12345
[2025-08-23T20:34:27.246Z] [LOG] Student log STUDENTLOG--0464 created and added to student CS002
[2025-08-23T20:34:27.663Z] [LOG] Degree BBA001 updated successfully
[2025-08-23T20:34:42.284Z] [LOG] ✅ Express app initialized
[2025-08-23T20:34:42.288Z] [LOG] Listening on port 8080
[2025-08-23T20:34:43.105Z] [LOG] MongoDB connected on INFORMATION
[2025-08-23T20:34:43.112Z] [LOG] MongoDB connected on FILE
[2025-08-23T20:34:43.114Z] [LOG] MongoDB connected on AUTH
[2025-08-23T20:34:49.957Z] [LOG] [object Object]
[2025-08-23T20:34:50.203Z] [LOG] Student log STUDENTLOG--0467 created and added to student CS001
[2025-08-23T20:34:50.203Z] [LOG] Student log STUDENTLOG--0465 created and added to student 12345
[2025-08-23T20:34:50.204Z] [LOG] Student log STUDENTLOG--0466 created and added to student CS002
[2025-08-23T20:34:50.684Z] [LOG] Student log STUDENTLOG--0469 created and added to student 12345
[2025-08-23T20:34:50.686Z] [LOG] Student log STUDENTLOG--0468 created and added to student CS002
[2025-08-23T20:34:50.687Z] [LOG] Student log STUDENTLOG--0470 created and added to student CS001
[2025-08-23T20:34:51.152Z] [LOG] Student log STUDENTLOG--0471 created and added to student 12345
[2025-08-23T20:34:51.153Z] [LOG] Student log STUDENTLOG--0472 created and added to student CS002
[2025-08-23T20:34:51.154Z] [LOG] Student log STUDENTLOG--0473 created and added to student CS001
[2025-08-23T20:34:51.574Z] [LOG] Degree BBA001 updated successfully
[2025-08-23T20:34:57.119Z] [LOG] ✅ Express app initialized
[2025-08-23T20:34:57.123Z] [LOG] Listening on port 8080
[2025-08-23T20:34:57.938Z] [LOG] MongoDB connected on AUTH
[2025-08-23T20:34:57.955Z] [LOG] MongoDB connected on INFORMATION
[2025-08-23T20:34:57.970Z] [LOG] MongoDB connected on FILE
[2025-08-23T20:35:08.343Z] [LOG] ✅ Express app initialized
[2025-08-23T20:35:08.347Z] [LOG] Listening on port 8080
[2025-08-23T20:35:09.486Z] [LOG] MongoDB connected on INFORMATION
[2025-08-23T20:35:09.492Z] [LOG] MongoDB connected on AUTH
[2025-08-23T20:35:09.493Z] [LOG] MongoDB connected on FILE
[2025-08-23T20:35:11.537Z] [LOG] [object Object]
[2025-08-23T20:35:11.771Z] [LOG] Student log STUDENTLOG--0474 created and added to student CS001
[2025-08-23T20:35:11.774Z] [LOG] Student log STUDENTLOG--0475 created and added to student CS002
[2025-08-23T20:35:11.785Z] [LOG] Student log STUDENTLOG--0476 created and added to student 12345
[2025-08-23T20:35:12.248Z] [LOG] Student log STUDENTLOG--0478 created and added to student 12345
[2025-08-23T20:35:12.249Z] [LOG] Student log STUDENTLOG--0477 created and added to student CS002
[2025-08-23T20:35:12.265Z] [LOG] Student log STUDENTLOG--0479 created and added to student CS001
[2025-08-23T20:35:12.702Z] [LOG] Student log STUDENTLOG--0480 created and added to student 12345
[2025-08-23T20:35:12.711Z] [LOG] Student log STUDENTLOG--0481 created and added to student CS001
[2025-08-23T20:35:12.714Z] [LOG] Student log STUDENTLOG--0482 created and added to student CS002
[2025-08-23T20:35:13.143Z] [LOG] Degree BBA001 updated successfully
[2025-08-23T20:35:45.340Z] [LOG] ✅ Express app initialized
[2025-08-23T20:35:45.344Z] [LOG] Listening on port 8080
[2025-08-23T20:35:46.184Z] [LOG] MongoDB connected on AUTH
[2025-08-23T20:35:46.188Z] [LOG] MongoDB connected on INFORMATION
[2025-08-23T20:35:46.191Z] [LOG] MongoDB connected on FILE
[2025-08-23T20:35:48.963Z] [LOG] 
[2025-08-23T20:35:49.212Z] [LOG] Student log STUDENTLOG--0483 created and added to student CS001
[2025-08-23T20:35:49.213Z] [LOG] Student log STUDENTLOG--0485 created and added to student CS002
[2025-08-23T20:35:49.215Z] [LOG] Student log STUDENTLOG--0484 created and added to student 12345
[2025-08-23T20:35:49.705Z] [LOG] Student log STUDENTLOG--0487 created and added to student 12345
[2025-08-23T20:35:49.705Z] [LOG] Student log STUDENTLOG--0486 created and added to student CS002
[2025-08-23T20:35:49.706Z] [LOG] Student log STUDENTLOG--0488 created and added to student CS001
[2025-08-23T20:35:50.153Z] [LOG] Student log STUDENTLOG--0489 created and added to student 12345
[2025-08-23T20:35:50.157Z] [LOG] Student log STUDENTLOG--0490 created and added to student CS002
[2025-08-23T20:35:50.160Z] [LOG] Student log STUDENTLOG--0491 created and added to student CS001
[2025-08-23T20:35:50.583Z] [LOG] Degree BBA001 updated successfully
[2025-08-23T20:37:49.338Z] [LOG] ✅ Express app initialized
[2025-08-23T20:37:49.341Z] [LOG] Listening on port 8080
[2025-08-23T20:37:50.319Z] [LOG] MongoDB connected on FILE
[2025-08-23T20:37:50.323Z] [LOG] MongoDB connected on AUTH
[2025-08-23T20:37:50.427Z] [LOG] MongoDB connected on INFORMATION
[2025-08-23T20:37:52.747Z] [LOG] Module data: [
  {
    "_id": "68402548e0fa2fbb759b203b",
    "moduleName": "Module 1",
    "moduleCode": "BBA001_M1",
    "moduleCost": 0,
    "assignmentList": [
      {
        "_id": "68402547e0fa2fbb759b2017",
        "assignmentName": "Assignment_M1_A1",
        "referenceNumber": "BBA001_M1_A1",
        "assignmentType": "Essay",
        "assignmentDeadline": "2025-06-11T18:00:00.000Z",
        "wordCount": "123"
      },
      {
        "_id": "68402547e0fa2fbb759b2015",
        "assignmentName": "Assignment_M1_A2",
        "referenceNumber": "BBA001_M1_A2",
        "assignmentType": "Essay",
        "assignmentDeadline": "2025-06-26T18:00:00.000Z",
        "wordCount": "234"
      }
    ]
  }
]
[2025-08-23T20:37:52.977Z] [LOG] Student log STUDENTLOG--0492 created and added to student CS002
[2025-08-23T20:37:52.977Z] [LOG] Student log STUDENTLOG--0493 created and added to student CS001
[2025-08-23T20:37:53.012Z] [LOG] Student log STUDENTLOG--0494 created and added to student 12345
[2025-08-23T20:37:53.502Z] [LOG] Student log STUDENTLOG--0495 created and added to student 12345
[2025-08-23T20:37:53.512Z] [LOG] Student log STUDENTLOG--0496 created and added to student CS002
[2025-08-23T20:37:53.524Z] [LOG] Student log STUDENTLOG--0497 created and added to student CS001
[2025-08-23T20:37:53.935Z] [LOG] Student log STUDENTLOG--0498 created and added to student CS001
[2025-08-23T20:37:53.936Z] [LOG] Student log STUDENTLOG--0499 created and added to student 12345
[2025-08-23T20:37:53.943Z] [LOG] Student log STUDENTLOG--0500 created and added to student CS002
[2025-08-23T20:37:54.382Z] [LOG] Degree BBA001 updated successfully
[2025-08-23T20:38:27.007Z] [LOG] Module data: [
  {
    "_id": "68402548e0fa2fbb759b203b",
    "moduleName": "Module 1",
    "moduleCode": "BBA001-2_M1",
    "moduleCost": 0,
    "assignmentList": [
      {
        "_id": "68402547e0fa2fbb759b2017",
        "assignmentName": "Assignment_M1_A1",
        "referenceNumber": "BBA001-2_M1_A1",
        "assignmentType": "Essay",
        "assignmentDeadline": "2025-06-11T18:00:00.000Z",
        "wordCount": "123"
      },
      {
        "_id": "68402547e0fa2fbb759b2015",
        "assignmentName": "Assignment_M1_A2",
        "referenceNumber": "BBA001-2_M1_A2",
        "assignmentType": "Essay",
        "assignmentDeadline": "2025-06-26T18:00:00.000Z",
        "wordCount": "234"
      }
    ]
  }
]
[2025-08-23T20:38:27.241Z] [LOG] Student log STUDENTLOG--0503 created and added to student CS001
[2025-08-23T20:38:27.249Z] [LOG] Student log STUDENTLOG--0502 created and added to student CS002
[2025-08-23T20:38:27.250Z] [LOG] Student log STUDENTLOG--0501 created and added to student 12345
[2025-08-23T20:38:27.658Z] [LOG] Student log STUDENTLOG--0504 created and added to student CS002
[2025-08-23T20:38:27.659Z] [LOG] Student log STUDENTLOG--0505 created and added to student 12345
[2025-08-23T20:38:27.670Z] [LOG] Student log STUDENTLOG--0506 created and added to student CS002
[2025-08-23T20:38:27.671Z] [LOG] Student log STUDENTLOG--0507 created and added to student 12345
[2025-08-23T20:38:27.689Z] [LOG] Student log STUDENTLOG--0509 created and added to student CS001
[2025-08-23T20:38:27.689Z] [LOG] Student log STUDENTLOG--0508 created and added to student CS001
[2025-08-23T20:38:28.120Z] [LOG] Degree BBA001-2 updated successfully
[2025-08-23T20:39:58.199Z] [LOG] ✅ Express app initialized
[2025-08-23T20:39:58.203Z] [LOG] Listening on port 8080
[2025-08-23T20:39:59.313Z] [LOG] MongoDB connected on AUTH
[2025-08-23T20:39:59.316Z] [LOG] MongoDB connected on FILE
[2025-08-23T20:39:59.318Z] [LOG] MongoDB connected on INFORMATION
[2025-08-23T20:40:02.585Z] [LOG] ✅ Express app initialized
[2025-08-23T20:40:02.589Z] [LOG] Listening on port 8080
[2025-08-23T20:40:03.418Z] [LOG] MongoDB connected on INFORMATION
[2025-08-23T20:40:03.425Z] [LOG] MongoDB connected on AUTH
[2025-08-23T20:40:03.445Z] [LOG] MongoDB connected on FILE
[2025-08-23T20:40:07.939Z] [LOG] BBA001-2_M1
[2025-08-23T20:40:08.114Z] [LOG] Student log STUDENTLOG--0510 created and added to student 12345
[2025-08-23T20:40:08.115Z] [LOG] Student log STUDENTLOG--0511 created and added to student CS002
[2025-08-23T20:40:08.116Z] [LOG] Student log STUDENTLOG--0512 created and added to student CS001
[2025-08-23T20:40:08.507Z] [LOG] Student log STUDENTLOG--0513 created and added to student CS001
[2025-08-23T20:40:08.518Z] [LOG] Student log STUDENTLOG--0514 created and added to student 12345
[2025-08-23T20:40:08.522Z] [LOG] Student log STUDENTLOG--0515 created and added to student CS002
[2025-08-23T20:40:08.525Z] [LOG] Student log STUDENTLOG--0516 created and added to student CS002
[2025-08-23T20:40:08.533Z] [LOG] Student log STUDENTLOG--0517 created and added to student CS001
[2025-08-23T20:40:08.973Z] [LOG] Student log STUDENTLOG--0518 created and added to student 12345
[2025-08-23T20:40:09.392Z] [LOG] Degree BBA001-2 updated successfully
[2025-08-23T20:40:29.077Z] [LOG] ✅ Express app initialized
[2025-08-23T20:40:29.081Z] [LOG] Listening on port 8080
[2025-08-23T20:40:29.966Z] [LOG] MongoDB connected on INFORMATION
[2025-08-23T20:40:29.971Z] [LOG] MongoDB connected on AUTH
[2025-08-23T20:40:29.972Z] [LOG] MongoDB connected on FILE
[2025-08-23T20:40:47.957Z] [LOG] ✅ Express app initialized
[2025-08-23T20:40:47.961Z] [LOG] Listening on port 8080
[2025-08-23T20:40:48.796Z] [LOG] MongoDB connected on FILE
[2025-08-23T20:40:48.800Z] [LOG] MongoDB connected on INFORMATION
[2025-08-23T20:40:48.803Z] [LOG] MongoDB connected on AUTH
[2025-08-23T20:40:50.534Z] [LOG] BBA001-2_M1
[2025-08-23T20:40:50.611Z] [LOG] ashche {
  _id: new ObjectId('68402547e0fa2fbb759b2015'),
  assignmentID: 'main_BBA001_M1_A2',
  assignmentName: 'Assignment_M1_A2',
  assignmentType: 'Essay',
  assignmentDeadline: '2025-06-26T18:00:00.000Z',
  wordCount: '234',
  assignmentProgress: 'TBA',
  assignmentGrade: '',
  fileList: [],
  assignmentNature: 'main',
  moduleCode: 'BBA001_M1',
  referenceNumber: 'BBA001-2_M1_A2',
  createdAt: 2025-06-04T10:51:51.584Z,
  updatedAt: 2025-08-23T20:40:08.017Z,
  __v: 0
}
[2025-08-23T20:40:50.617Z] [LOG] ashche {
  _id: new ObjectId('68402547e0fa2fbb759b2017'),
  assignmentID: 'main_BBA001_M1_A1',
  assignmentName: 'Assignment_M1_A1',
  assignmentType: 'Essay',
  assignmentDeadline: '2025-06-11T18:00:00.000Z',
  wordCount: '123',
  assignmentProgress: 'TBA',
  assignmentGrade: '',
  fileList: [],
  assignmentNature: 'main',
  moduleCode: 'BBA001_M1',
  referenceNumber: 'BBA001-2_M1_A1',
  createdAt: 2025-06-04T10:51:51.585Z,
  updatedAt: 2025-08-23T20:40:08.023Z,
  __v: 0
}
[2025-08-23T20:40:50.694Z] [LOG] Student log STUDENTLOG--0519 created and added to student CS001
[2025-08-23T20:40:50.702Z] [LOG] Student log STUDENTLOG--0520 created and added to student 12345
[2025-08-23T20:40:50.704Z] [LOG] Student log STUDENTLOG--0521 created and added to student CS002
[2025-08-23T20:40:51.092Z] [LOG] Student log STUDENTLOG--0523 created and added to student CS002
[2025-08-23T20:40:51.093Z] [LOG] Student log STUDENTLOG--0522 created and added to student CS001
[2025-08-23T20:40:51.104Z] [LOG] Student log STUDENTLOG--0524 created and added to student CS002
[2025-08-23T20:40:51.105Z] [LOG] Student log STUDENTLOG--0525 created and added to student 12345
[2025-08-23T20:40:51.105Z] [LOG] Student log STUDENTLOG--0526 created and added to student CS001
[2025-08-23T20:40:51.535Z] [LOG] Student log STUDENTLOG--0527 created and added to student 12345
[2025-08-23T20:40:51.955Z] [LOG] Degree BBA001-2 updated successfully
[2025-08-23T20:41:06.812Z] [LOG] ✅ Express app initialized
[2025-08-23T20:41:06.816Z] [LOG] Listening on port 8080
[2025-08-23T20:41:07.654Z] [LOG] MongoDB connected on FILE
[2025-08-23T20:41:07.659Z] [LOG] MongoDB connected on INFORMATION
[2025-08-23T20:41:07.663Z] [LOG] MongoDB connected on AUTH
[2025-08-23T20:42:08.436Z] [LOG] ✅ Express app initialized
[2025-08-23T20:42:08.440Z] [LOG] Listening on port 8080
[2025-08-23T20:42:09.424Z] [LOG] MongoDB connected on INFORMATION
[2025-08-23T20:42:09.430Z] [LOG] MongoDB connected on FILE
[2025-08-23T20:42:09.477Z] [LOG] MongoDB connected on AUTH
[2025-08-23T20:43:35.249Z] [LOG] ✅ Express app initialized
[2025-08-23T20:43:35.252Z] [LOG] Listening on port 8080
[2025-08-23T20:43:36.283Z] [LOG] MongoDB connected on FILE
[2025-08-23T20:43:36.326Z] [LOG] MongoDB connected on INFORMATION
[2025-08-23T20:43:36.331Z] [LOG] MongoDB connected on AUTH
[2025-08-23T20:43:50.278Z] [LOG] ✅ Express app initialized
[2025-08-23T20:43:50.282Z] [LOG] Listening on port 8080
[2025-08-23T20:43:51.123Z] [LOG] MongoDB connected on AUTH
[2025-08-23T20:43:51.126Z] [LOG] MongoDB connected on FILE
[2025-08-23T20:43:51.131Z] [LOG] MongoDB connected on INFORMATION
[2025-08-23T20:43:54.344Z] [LOG] BBA001-2_M1
[2025-08-23T20:43:54.425Z] [LOG] mile na BBA001_M1 =/= BBA001-2_M1
[2025-08-23T20:43:54.428Z] [LOG] mile na BBA001_M1 =/= BBA001-2_M1
[2025-08-23T20:43:54.496Z] [LOG] Student log STUDENTLOG--0530 created and added to student 12345
[2025-08-23T20:43:54.497Z] [LOG] Student log STUDENTLOG--0528 created and added to student CS002
[2025-08-23T20:43:54.499Z] [LOG] Student log STUDENTLOG--0529 created and added to student CS001
[2025-08-23T20:43:54.910Z] [LOG] Student log STUDENTLOG--0533 created and added to student 12345
[2025-08-23T20:43:54.911Z] [LOG] Student log STUDENTLOG--0531 created and added to student CS002
[2025-08-23T20:43:54.912Z] [LOG] Student log STUDENTLOG--0532 created and added to student CS002
[2025-08-23T20:43:54.939Z] [LOG] Student log STUDENTLOG--0534 created and added to student CS001
[2025-08-23T20:43:54.940Z] [LOG] Student log STUDENTLOG--0535 created and added to student CS001
[2025-08-23T20:43:55.375Z] [LOG] Student log STUDENTLOG--0536 created and added to student 12345
[2025-08-23T20:43:55.794Z] [LOG] Degree BBA001-2 updated successfully
[2025-08-23T20:44:02.783Z] [LOG] BBA001_M1
[2025-08-23T20:44:02.858Z] [LOG] mile BBA001_M1 = BBA001_M1
[2025-08-23T20:44:02.864Z] [LOG] mile BBA001_M1 = BBA001_M1
[2025-08-23T20:44:02.941Z] [LOG] Student log STUDENTLOG--0537 created and added to student CS002
[2025-08-23T20:44:02.948Z] [LOG] Student log STUDENTLOG--0538 created and added to student 12345
[2025-08-23T20:44:02.950Z] [LOG] Student log STUDENTLOG--0539 created and added to student CS001
[2025-08-23T20:44:03.411Z] [LOG] Student log STUDENTLOG--0540 created and added to student 12345
[2025-08-23T20:44:03.412Z] [LOG] Student log STUDENTLOG--0541 created and added to student 12345
[2025-08-23T20:44:03.419Z] [LOG] Student log STUDENTLOG--0542 created and added to student CS002
[2025-08-23T20:44:03.429Z] [LOG] Student log STUDENTLOG--0543 created and added to student CS002
[2025-08-23T20:44:03.433Z] [LOG] Student log STUDENTLOG--0544 created and added to student CS001
[2025-08-23T20:44:03.438Z] [LOG] Student log STUDENTLOG--0545 created and added to student CS001
[2025-08-23T20:44:03.858Z] [LOG] Degree BBA001 updated successfully
[2025-08-23T20:45:48.119Z] [LOG] ✅ Express app initialized
[2025-08-23T20:45:48.122Z] [LOG] Listening on port 8080
[2025-08-23T20:45:49.112Z] [LOG] MongoDB connected on FILE
[2025-08-23T20:45:49.116Z] [LOG] MongoDB connected on AUTH
[2025-08-23T20:45:49.176Z] [LOG] MongoDB connected on INFORMATION
[2025-08-23T20:46:06.267Z] [LOG] ✅ Express app initialized
[2025-08-23T20:46:06.271Z] [LOG] Listening on port 8080
[2025-08-23T20:46:07.105Z] [LOG] MongoDB connected on FILE
[2025-08-23T20:46:07.109Z] [LOG] MongoDB connected on INFORMATION
[2025-08-23T20:46:07.112Z] [LOG] MongoDB connected on AUTH
[2025-08-23T20:51:59.125Z] [LOG] BBA001-2_M1
[2025-08-23T20:51:59.206Z] [ERROR] Error in newAssignment: TypeError: Assignment to constant variable.
[2025-08-23T20:51:59.206Z] [ERROR] Error adding Modules: Error: Internal Server Error
[2025-08-23T20:51:59.207Z] [ERROR] Background update failed: Failed to add Modules
[2025-08-23T20:51:59.278Z] [LOG] Student log STUDENTLOG--0546 created and added to student 12345
[2025-08-23T20:51:59.290Z] [LOG] Student log STUDENTLOG--0547 created and added to student CS001
[2025-08-23T20:51:59.290Z] [LOG] Student log STUDENTLOG--0548 created and added to student CS002
[2025-08-23T20:52:09.822Z] [LOG] ✅ Express app initialized
[2025-08-23T20:52:09.826Z] [LOG] Listening on port 8080
[2025-08-23T20:52:10.665Z] [LOG] MongoDB connected on FILE
[2025-08-23T20:52:10.762Z] [LOG] MongoDB connected on AUTH
[2025-08-23T20:52:10.779Z] [LOG] MongoDB connected on INFORMATION
[2025-08-23T20:52:14.693Z] [LOG] BBA001-2_M1
[2025-08-23T20:52:14.852Z] [LOG] Student log STUDENTLOG--0549 created and added to student CS001
[2025-08-23T20:52:14.853Z] [LOG] Student log STUDENTLOG--0550 created and added to student CS002
[2025-08-23T20:52:14.858Z] [LOG] Student log STUDENTLOG--0551 created and added to student 12345
[2025-08-23T20:52:15.251Z] [LOG] Student log STUDENTLOG--0553 created and added to student CS002
[2025-08-23T20:52:15.252Z] [LOG] Student log STUDENTLOG--0552 created and added to student 12345
[2025-08-23T20:52:15.256Z] [LOG] Student log STUDENTLOG--0554 created and added to student CS001
[2025-08-23T20:52:15.259Z] [LOG] Student log STUDENTLOG--0555 created and added to student CS002
[2025-08-23T20:52:15.276Z] [LOG] Student log STUDENTLOG--0556 created and added to student CS001
[2025-08-23T20:52:15.700Z] [LOG] Student log STUDENTLOG--0557 created and added to student 12345
[2025-08-23T20:52:16.117Z] [LOG] Degree BBA001-2 updated successfully
[2025-08-23T20:52:36.662Z] [LOG] BBA001_M1 684024fe13dce32de11e7724
[2025-08-23T20:52:36.664Z] [LOG] BBA001_M1 684024fe13dce32de11e7724
[2025-08-23T20:52:36.742Z] [LOG] 
[2025-08-23T20:52:36.743Z] [LOG] 
[2025-08-23T21:02:04.931Z] [LOG] ✅ Express app initialized
[2025-08-23T21:02:04.935Z] [LOG] Listening on port 8080
[2025-08-23T21:02:06.080Z] [LOG] MongoDB connected on FILE
[2025-08-23T21:02:06.158Z] [LOG] MongoDB connected on AUTH
[2025-08-23T21:02:06.159Z] [LOG] MongoDB connected on INFORMATION
[2025-08-23T21:02:12.284Z] [LOG] BBA001-2_M1
[2025-08-23T21:02:12.284Z] [LOG] BBA001-2_M1_A1
[2025-08-23T21:02:12.285Z] [LOG] BBA001-2_M1_A2
[2025-08-23T21:02:12.445Z] [LOG] Student log STUDENTLOG--0558 created and added to student CS002
[2025-08-23T21:02:12.453Z] [LOG] Student log STUDENTLOG--0559 created and added to student CS001
[2025-08-23T21:02:12.457Z] [LOG] Student log STUDENTLOG--0560 created and added to student 12345
[2025-08-23T21:02:12.847Z] [LOG] Student log STUDENTLOG--0561 created and added to student CS002
[2025-08-23T21:02:12.875Z] [LOG] Student log STUDENTLOG--0562 created and added to student CS002
[2025-08-23T21:02:12.876Z] [LOG] Student log STUDENTLOG--0563 created and added to student 12345
[2025-08-23T21:02:12.877Z] [LOG] Student log STUDENTLOG--0564 created and added to student CS001
[2025-08-23T21:02:12.877Z] [LOG] Student log STUDENTLOG--0565 created and added to student CS001
[2025-08-23T21:02:13.264Z] [LOG] Student log STUDENTLOG--0566 created and added to student 12345
[2025-08-23T21:02:13.649Z] [LOG] Degree BBA001-2 updated successfully
[2025-08-23T21:04:10.617Z] [LOG] ✅ Express app initialized
[2025-08-23T21:04:10.621Z] [LOG] Listening on port 8080
[2025-08-23T21:04:11.720Z] [LOG] MongoDB connected on INFORMATION
[2025-08-23T21:04:11.725Z] [LOG] MongoDB connected on AUTH
[2025-08-23T21:04:11.760Z] [LOG] MongoDB connected on FILE
[2025-08-23T21:04:15.043Z] [LOG] BBA001_M1
[2025-08-23T21:04:15.043Z] [LOG] ref BBA001_M1_A1
[2025-08-23T21:04:15.044Z] [LOG] ref BBA001_M1_A2
[2025-08-23T21:04:15.214Z] [LOG] Student log STUDENTLOG--0567 created and added to student CS002
[2025-08-23T21:04:15.217Z] [LOG] Student log STUDENTLOG--0569 created and added to student CS001
[2025-08-23T21:04:15.217Z] [LOG] Student log STUDENTLOG--0568 created and added to student 12345
[2025-08-23T21:04:15.680Z] [LOG] Student log STUDENTLOG--0570 created and added to student 12345
[2025-08-23T21:04:15.704Z] [LOG] Student log STUDENTLOG--0571 created and added to student CS002
[2025-08-23T21:04:15.705Z] [LOG] Student log STUDENTLOG--0572 created and added to student CS001
[2025-08-23T21:04:16.167Z] [LOG] Student log STUDENTLOG--0574 created and added to student 12345
[2025-08-23T21:04:16.168Z] [LOG] Student log STUDENTLOG--0573 created and added to student CS002
[2025-08-23T21:04:16.169Z] [LOG] Student log STUDENTLOG--0575 created and added to student CS001
[2025-08-23T21:04:16.587Z] [LOG] Degree BBA001 updated successfully
[2025-08-23T21:04:26.486Z] [LOG] BBA001_M1
[2025-08-23T21:04:26.486Z] [LOG] ref BBA001_M1_A1
[2025-08-23T21:04:26.486Z] [LOG] ref BBA001_M1_A2
[2025-08-23T21:04:26.646Z] [LOG] Student log STUDENTLOG--0576 created and added to student CS001
[2025-08-23T21:04:26.667Z] [LOG] Student log STUDENTLOG--0577 created and added to student CS002
[2025-08-23T21:04:26.669Z] [LOG] Student log STUDENTLOG--0578 created and added to student 12345
[2025-08-23T21:04:27.144Z] [LOG] Student log STUDENTLOG--0579 created and added to student 12345
[2025-08-23T21:04:27.155Z] [LOG] Student log STUDENTLOG--0580 created and added to student CS002
[2025-08-23T21:04:27.161Z] [LOG] Student log STUDENTLOG--0581 created and added to student 12345
[2025-08-23T21:04:27.163Z] [LOG] Student log STUDENTLOG--0582 created and added to student CS002
[2025-08-23T21:04:27.167Z] [LOG] Student log STUDENTLOG--0584 created and added to student CS001
[2025-08-23T21:04:27.168Z] [LOG] Student log STUDENTLOG--0583 created and added to student CS001
[2025-08-23T21:04:27.580Z] [LOG] Degree BBA001 updated successfully
[2025-08-23T21:04:45.251Z] [LOG] BBA001-2_M1
[2025-08-23T21:04:45.251Z] [LOG] ref BBA001-2_M1_A1
[2025-08-23T21:04:45.251Z] [LOG] ref BBA001-2_M1_A2
[2025-08-23T21:04:45.419Z] [LOG] Student log STUDENTLOG--0587 created and added to student CS002
[2025-08-23T21:04:45.421Z] [LOG] Student log STUDENTLOG--0586 created and added to student 12345
[2025-08-23T21:04:45.421Z] [LOG] Student log STUDENTLOG--0585 created and added to student CS001
[2025-08-23T21:04:45.809Z] [LOG] Student log STUDENTLOG--0588 created and added to student 12345
[2025-08-23T21:04:45.817Z] [LOG] Student log STUDENTLOG--0589 created and added to student CS001
[2025-08-23T21:04:45.824Z] [LOG] Student log STUDENTLOG--0590 created and added to student CS002
[2025-08-23T21:04:45.828Z] [LOG] Student log STUDENTLOG--0591 created and added to student 12345
[2025-08-23T21:04:45.830Z] [LOG] Student log STUDENTLOG--0592 created and added to student CS002
[2025-08-23T21:04:45.834Z] [LOG] Student log STUDENTLOG--0593 created and added to student CS001
[2025-08-23T21:04:46.256Z] [LOG] Degree BBA001-2 updated successfully
[2025-08-23T21:07:02.800Z] [LOG] BBA001_M1
[2025-08-23T21:07:02.800Z] [LOG] ref BBA001_M1_A1
[2025-08-23T21:07:02.800Z] [LOG] ref BBA001_M1_A2
[2025-08-23T21:07:02.977Z] [LOG] Student log STUDENTLOG--0595 created and added to student 12345
[2025-08-23T21:07:02.977Z] [LOG] Student log STUDENTLOG--0594 created and added to student CS002
[2025-08-23T21:07:02.978Z] [LOG] Student log STUDENTLOG--0596 created and added to student CS001
[2025-08-23T21:07:03.451Z] [LOG] Student log STUDENTLOG--0597 created and added to student 12345
[2025-08-23T21:07:03.460Z] [LOG] Student log STUDENTLOG--0598 created and added to student 12345
[2025-08-23T21:07:03.467Z] [LOG] Student log STUDENTLOG--0599 created and added to student CS002
[2025-08-23T21:07:03.470Z] [LOG] Student log STUDENTLOG--0600 created and added to student CS001
[2025-08-23T21:07:03.473Z] [LOG] Student log STUDENTLOG--0601 created and added to student CS002
[2025-08-23T21:07:03.474Z] [LOG] Student log STUDENTLOG--0602 created and added to student CS001
[2025-08-23T21:07:03.893Z] [LOG] Degree BBA001 updated successfully
[2025-08-23T21:08:30.436Z] [LOG] BBA001-2_M1
[2025-08-23T21:08:30.436Z] [LOG] ref BBA001-2_M1_A1
[2025-08-23T21:08:30.436Z] [LOG] ref BBA001-2_M1_A2
[2025-08-23T21:08:30.602Z] [LOG] Student log STUDENTLOG--0603 created and added to student CS002
[2025-08-23T21:08:30.603Z] [LOG] Student log STUDENTLOG--0605 created and added to student CS001
[2025-08-23T21:08:30.604Z] [LOG] Student log STUDENTLOG--0604 created and added to student 12345
[2025-08-23T21:08:30.993Z] [LOG] Student log STUDENTLOG--0606 created and added to student 12345
[2025-08-23T21:08:31.000Z] [LOG] Student log STUDENTLOG--0607 created and added to student CS001
[2025-08-23T21:08:31.005Z] [LOG] Student log STUDENTLOG--0608 created and added to student 12345
[2025-08-23T21:08:31.009Z] [LOG] Student log STUDENTLOG--0610 created and added to student CS002
[2025-08-23T21:08:31.012Z] [LOG] Student log STUDENTLOG--0609 created and added to student CS002
[2025-08-23T21:08:31.014Z] [LOG] Student log STUDENTLOG--0611 created and added to student CS001
[2025-08-23T21:08:31.431Z] [LOG] Degree BBA001-2 updated successfully
[2025-08-23T21:08:53.923Z] [LOG] BBA001-23_M1
[2025-08-23T21:08:53.923Z] [LOG] ref BBA001-23_M1_A1
[2025-08-23T21:08:53.924Z] [LOG] ref BBA001-23_M1_A2
[2025-08-23T21:08:54.091Z] [LOG] Student log STUDENTLOG--0614 created and added to student CS001
[2025-08-23T21:08:54.092Z] [LOG] Student log STUDENTLOG--0613 created and added to student 12345
[2025-08-23T21:08:54.093Z] [LOG] Student log STUDENTLOG--0612 created and added to student CS002
[2025-08-23T21:08:54.481Z] [LOG] Student log STUDENTLOG--0615 created and added to student 12345
[2025-08-23T21:08:54.492Z] [LOG] Student log STUDENTLOG--0618 created and added to student CS001
[2025-08-23T21:08:54.498Z] [LOG] Student log STUDENTLOG--0617 created and added to student 12345
[2025-08-23T21:08:54.498Z] [LOG] Student log STUDENTLOG--0616 created and added to student CS002
[2025-08-23T21:08:54.499Z] [LOG] Student log STUDENTLOG--0619 created and added to student CS002
[2025-08-23T21:08:54.503Z] [LOG] Student log STUDENTLOG--0620 created and added to student CS001
[2025-08-23T21:08:54.917Z] [LOG] Degree BBA001-23 updated successfully
[2025-08-23T21:13:24.809Z] [LOG] ✅ Express app initialized
[2025-08-23T21:13:24.812Z] [LOG] Listening on port 8080
[2025-08-23T21:13:25.790Z] [LOG] MongoDB connected on FILE
[2025-08-23T21:13:25.794Z] [LOG] MongoDB connected on AUTH
[2025-08-23T21:13:25.888Z] [LOG] MongoDB connected on INFORMATION
[2025-08-23T21:13:36.671Z] [LOG] BBA001_M1
[2025-08-23T21:13:36.748Z] [LOG] ref BBA001-23_M1_A2
[2025-08-23T21:13:36.754Z] [LOG] ref BBA001-23_M1_A1
[2025-08-23T21:13:36.817Z] [LOG] Student log STUDENTLOG--0621 created and added to student CS002
[2025-08-23T21:13:36.818Z] [LOG] Student log STUDENTLOG--0622 created and added to student 12345
[2025-08-23T21:13:36.819Z] [LOG] Student log STUDENTLOG--0623 created and added to student CS001
[2025-08-23T21:13:37.301Z] [LOG] Student log STUDENTLOG--0625 created and added to student CS002
[2025-08-23T21:13:37.303Z] [LOG] Student log STUDENTLOG--0624 created and added to student 12345
[2025-08-23T21:13:37.307Z] [LOG] Student log STUDENTLOG--0626 created and added to student CS001
[2025-08-23T21:13:37.735Z] [LOG] Student log STUDENTLOG--0627 created and added to student 12345
[2025-08-23T21:13:37.736Z] [LOG] Student log STUDENTLOG--0628 created and added to student CS001
[2025-08-23T21:13:37.738Z] [LOG] Student log STUDENTLOG--0629 created and added to student CS002
[2025-08-23T21:13:38.144Z] [LOG] Degree BBA001 updated successfully
[2025-08-23T21:13:58.380Z] [LOG] BBA001-2_M1
[2025-08-23T21:13:58.456Z] [LOG] ref BBA001_M1_A1
[2025-08-23T21:13:58.463Z] [LOG] ref BBA001_M1_A2
[2025-08-23T21:13:58.534Z] [LOG] Student log STUDENTLOG--0630 created and added to student 12345
[2025-08-23T21:13:58.536Z] [LOG] Student log STUDENTLOG--0632 created and added to student CS002
[2025-08-23T21:13:58.537Z] [LOG] Student log STUDENTLOG--0631 created and added to student CS001
[2025-08-23T21:13:58.924Z] [LOG] Student log STUDENTLOG--0634 created and added to student 12345
[2025-08-23T21:13:58.925Z] [LOG] Student log STUDENTLOG--0633 created and added to student CS001
[2025-08-23T21:13:58.926Z] [LOG] Student log STUDENTLOG--0635 created and added to student CS002
[2025-08-23T21:13:58.958Z] [LOG] Student log STUDENTLOG--0638 created and added to student 12345
[2025-08-23T21:13:58.959Z] [LOG] Student log STUDENTLOG--0636 created and added to student CS002
[2025-08-23T21:13:58.980Z] [LOG] Student log STUDENTLOG--0637 created and added to student CS001
[2025-08-23T21:13:59.406Z] [LOG] Degree BBA001-2 updated successfully
[2025-08-23T21:16:19.554Z] [LOG] ✅ Express app initialized
[2025-08-23T21:16:19.557Z] [LOG] Listening on port 8080
[2025-08-23T21:16:20.547Z] [LOG] MongoDB connected on FILE
[2025-08-23T21:16:20.657Z] [LOG] MongoDB connected on INFORMATION
[2025-08-23T21:16:20.661Z] [LOG] MongoDB connected on AUTH
[2025-08-23T21:16:45.893Z] [LOG] ✅ Express app initialized
[2025-08-23T21:16:45.896Z] [LOG] Listening on port 8080
[2025-08-23T21:16:46.725Z] [LOG] MongoDB connected on INFORMATION
[2025-08-23T21:16:46.731Z] [LOG] MongoDB connected on AUTH
[2025-08-23T21:16:46.774Z] [LOG] MongoDB connected on FILE
[2025-08-23T21:21:30.157Z] [LOG] ✅ Express app initialized
[2025-08-23T21:21:30.160Z] [LOG] Listening on port 8080
[2025-08-23T21:21:31.312Z] [LOG] MongoDB connected on AUTH
[2025-08-23T21:21:31.315Z] [LOG] MongoDB connected on FILE
[2025-08-23T21:21:31.373Z] [LOG] MongoDB connected on INFORMATION
[2025-08-23T21:22:08.967Z] [LOG] ✅ Express app initialized
[2025-08-23T21:22:08.971Z] [LOG] Listening on port 8080
[2025-08-23T21:22:09.827Z] [LOG] MongoDB connected on INFORMATION
[2025-08-23T21:22:09.832Z] [LOG] MongoDB connected on FILE
[2025-08-23T21:22:09.833Z] [LOG] MongoDB connected on AUTH
[2025-08-23T21:27:14.325Z] [LOG] ✅ Express app initialized
[2025-08-23T21:27:14.328Z] [LOG] Listening on port 8080
[2025-08-23T21:27:15.314Z] [LOG] MongoDB connected on FILE
[2025-08-23T21:27:15.404Z] [LOG] MongoDB connected on AUTH
[2025-08-23T21:27:15.432Z] [LOG] MongoDB connected on INFORMATION
[2025-08-23T21:28:21.132Z] [LOG] ✅ Express app initialized
[2025-08-23T21:28:21.135Z] [LOG] Listening on port 8080
[2025-08-23T21:28:22.107Z] [LOG] MongoDB connected on FILE
[2025-08-23T21:28:22.119Z] [LOG] MongoDB connected on AUTH
[2025-08-23T21:28:22.230Z] [LOG] MongoDB connected on INFORMATION
[2025-08-23T21:30:25.188Z] [LOG] ✅ Express app initialized
[2025-08-23T21:30:25.192Z] [LOG] Listening on port 8080
[2025-08-23T21:30:26.181Z] [LOG] MongoDB connected on FILE
[2025-08-23T21:30:26.266Z] [LOG] MongoDB connected on AUTH
[2025-08-23T21:30:26.294Z] [LOG] MongoDB connected on INFORMATION
[2025-08-23T21:30:34.966Z] [LOG] BBA001-2_M1
[2025-08-23T21:30:35.126Z] [LOG] Student log STUDENTLOG--0641 created and added to student CS001
[2025-08-23T21:30:35.127Z] [LOG] Student log STUDENTLOG--0639 created and added to student 12345
[2025-08-23T21:30:35.129Z] [LOG] Student log STUDENTLOG--0640 created and added to student CS002
[2025-08-23T21:30:35.204Z] [LOG] dyn 
[2025-08-23T21:30:35.209Z] [LOG] dyn 
[2025-08-23T21:30:35.524Z] [LOG] Student log STUDENTLOG--0642 created and added to student 12345
[2025-08-23T21:30:35.524Z] [LOG] Student log STUDENTLOG--0643 created and added to student CS002
[2025-08-23T21:30:35.525Z] [LOG] Student log STUDENTLOG--0644 created and added to student CS001
[2025-08-23T21:30:35.526Z] [LOG] Student log STUDENTLOG--0645 created and added to student CS002
[2025-08-23T21:30:35.532Z] [LOG] Student log STUDENTLOG--0646 created and added to student CS001
[2025-08-23T21:30:35.919Z] [LOG] Student log STUDENTLOG--0647 created and added to student 12345
[2025-08-23T21:30:36.303Z] [LOG] Degree BBA001-2 updated successfully
[2025-08-23T21:30:46.604Z] [LOG] BBA001_M1
[2025-08-23T21:30:46.742Z] [LOG] Student log STUDENTLOG--0648 created and added to student CS001
[2025-08-23T21:30:46.748Z] [LOG] Student log STUDENTLOG--0649 created and added to student 12345
[2025-08-23T21:30:46.763Z] [LOG] Student log STUDENTLOG--0650 created and added to student CS002
[2025-08-23T21:30:46.838Z] [LOG] dyn 
[2025-08-23T21:30:46.843Z] [LOG] dyn 
[2025-08-23T21:30:47.150Z] [LOG] Student log STUDENTLOG--0651 created and added to student CS002
[2025-08-23T21:30:47.154Z] [LOG] Student log STUDENTLOG--0654 created and added to student 12345
[2025-08-23T21:30:47.155Z] [LOG] Student log STUDENTLOG--0655 created and added to student 12345
[2025-08-23T21:30:47.157Z] [LOG] Student log STUDENTLOG--0652 created and added to student CS001
[2025-08-23T21:30:47.157Z] [LOG] Student log STUDENTLOG--0653 created and added to student CS002
[2025-08-23T21:30:47.167Z] [LOG] Student log STUDENTLOG--0656 created and added to student CS001
[2025-08-23T21:30:47.585Z] [LOG] Degree BBA001 updated successfully
[2025-08-23T21:31:05.669Z] [LOG] BBA001_M1
[2025-08-23T21:31:05.826Z] [LOG] Student log STUDENTLOG--0657 created and added to student 12345
[2025-08-23T21:31:05.828Z] [LOG] Student log STUDENTLOG--0659 created and added to student CS001
[2025-08-23T21:31:05.830Z] [LOG] Student log STUDENTLOG--0658 created and added to student CS002
[2025-08-23T21:31:05.903Z] [LOG] dyn {
  _id: new ObjectId('68402547e0fa2fbb759b201d'),
  assignmentID: 'CS001_BBA001_M1_A2',
  assignmentName: 'Assignment_M1_A2',
  assignmentType: 'Essay',
  assignmentDeadline: '2025-06-26T18:00:00.000Z',
  wordCount: '234',
  assignmentProgress: 'TBA',
  assignmentGrade: '',
  fileList: [ new ObjectId('685e0c39fe20ae0e689b45f2') ],
  assignmentNature: 'dynamic',
  moduleCode: 'BBA001_M1',
  referenceNumber: 'BBA001_M1_A2',
  createdAt: 2025-06-04T10:51:51.736Z,
  updatedAt: 2025-08-23T21:13:36.909Z,
  __v: 0
},{
  _id: new ObjectId('68402548e0fa2fbb759b202d'),
  assignmentID: 'CS002_BBA001_M1_A2',
  assignmentName: 'Assignment_M1_A2',
  assignmentType: 'Essay',
  assignmentDeadline: '2025-06-26T18:00:00.000Z',
  wordCount: '234',
  assignmentProgress: 'TBA',
  assignmentGrade: '',
  fileList: [],
  assignmentNature: 'dynamic',
  moduleCode: 'BBA001_M1',
  referenceNumber: 'BBA001_M1_A2',
  createdAt: 2025-06-04T10:51:52.189Z,
  updatedAt: 2025-08-23T21:13:36.909Z,
  __v: 0
},{
  _id: new ObjectId('6876aaae7c7c257b334c2a9a'),
  assignmentID: '12345_BBA001_M1_A2',
  assignmentName: 'Assignment_M1_A2',
  assignmentType: 'Essay',
  assignmentDeadline: '2025-06-26T18:00:00.000Z',
  wordCount: '234',
  assignmentProgress: 'TBA',
  assignmentGrade: '',
  fileList: [],
  assignmentNature: 'dynamic',
  moduleCode: 'BBA001_M1',
  referenceNumber: 'BBA001_M1_A2',
  createdAt: 2025-07-15T19:23:26.911Z,
  updatedAt: 2025-08-23T21:13:36.909Z,
  __v: 0
}
[2025-08-23T21:31:05.921Z] [LOG] dyn {
  _id: new ObjectId('68402547e0fa2fbb759b201f'),
  assignmentID: 'CS001_BBA001_M1_A1',
  assignmentName: 'Assignment_M1_A1',
  assignmentType: 'Essay',
  assignmentDeadline: '2025-06-11T18:00:00.000Z',
  wordCount: '123',
  assignmentProgress: 'TBA',
  assignmentGrade: '',
  fileList: [ new ObjectId('685dda31d58dae67a24aa382') ],
  assignmentNature: 'dynamic',
  moduleCode: 'BBA001_M1',
  referenceNumber: 'BBA001_M1_A1',
  createdAt: 2025-06-04T10:51:51.738Z,
  updatedAt: 2025-08-23T21:13:36.922Z,
  __v: 0,
  metadata: {
    goTo: '/task/january_2025/BBA001',
    grandParentDataId: new ObjectId('684024fe13dce32de11e7724'),
    parentDataId: new ObjectId('68402548e0fa2fbb759b203b'),
    dataId: new ObjectId('68402547e0fa2fbb759b201f')
  }
},{
  _id: new ObjectId('68402548e0fa2fbb759b202f'),
  assignmentID: 'CS002_BBA001_M1_A1',
  assignmentName: 'Assignment_M1_A1',
  assignmentType: 'Essay',
  assignmentDeadline: '2025-06-11T18:00:00.000Z',
  wordCount: '123',
  assignmentProgress: 'TBA',
  assignmentGrade: '',
  fileList: [],
  assignmentNature: 'dynamic',
  moduleCode: 'BBA001_M1',
  referenceNumber: 'BBA001_M1_A1',
  createdAt: 2025-06-04T10:51:52.190Z,
  updatedAt: 2025-08-23T21:13:36.922Z,
  __v: 0,
  metadata: {
    goTo: '/task/january_2025/BBA001',
    grandParentDataId: new ObjectId('684024b80656e42b5807731b'),
    parentDataId: new ObjectId('68402548e0fa2fbb759b203b'),
    dataId: new ObjectId('68402548e0fa2fbb759b202f')
  }
},{
  _id: new ObjectId('6876aaae7c7c257b334c2a9d'),
  assignmentID: '12345_BBA001_M1_A1',
  assignmentName: 'Assignment_M1_A1',
  assignmentType: 'Essay',
  assignmentDeadline: '2025-06-11T18:00:00.000Z',
  wordCount: '123',
  assignmentProgress: 'TBA',
  assignmentGrade: '',
  fileList: [],
  assignmentNature: 'dynamic',
  moduleCode: 'BBA001_M1',
  referenceNumber: 'BBA001_M1_A1',
  createdAt: 2025-07-15T19:23:26.920Z,
  updatedAt: 2025-08-23T21:13:36.922Z,
  __v: 0
}
[2025-08-23T21:31:06.303Z] [LOG] Student log STUDENTLOG--0660 created and added to student CS002
[2025-08-23T21:31:06.304Z] [LOG] Student log STUDENTLOG--0662 created and added to student 12345
[2025-08-23T21:31:06.305Z] [LOG] Student log STUDENTLOG--0661 created and added to student CS001
[2025-08-23T21:31:06.314Z] [LOG] Student log STUDENTLOG--0663 created and added to student 12345
[2025-08-23T21:31:06.319Z] [LOG] Student log STUDENTLOG--0664 created and added to student CS002
[2025-08-23T21:31:06.330Z] [LOG] Student log STUDENTLOG--0665 created and added to student CS001
[2025-08-23T21:31:06.743Z] [LOG] Degree BBA001 updated successfully
[2025-08-23T21:31:36.400Z] [LOG] BBA001-2_M1
[2025-08-23T21:31:36.540Z] [LOG] Student log STUDENTLOG--0666 created and added to student 12345
[2025-08-23T21:31:36.550Z] [LOG] Student log STUDENTLOG--0667 created and added to student CS002
[2025-08-23T21:31:36.556Z] [LOG] Student log STUDENTLOG--0668 created and added to student CS001
[2025-08-23T21:31:36.628Z] [LOG] dyn {
  _id: new ObjectId('68402547e0fa2fbb759b201d'),
  assignmentID: 'CS001_BBA001_M1_A2',
  assignmentName: 'Assignment_M1_A2',
  assignmentType: 'Essay',
  assignmentDeadline: '2025-06-26T18:00:00.000Z',
  wordCount: '234',
  assignmentProgress: 'TBA',
  assignmentGrade: '',
  fileList: [ new ObjectId('685e0c39fe20ae0e689b45f2') ],
  assignmentNature: 'dynamic',
  moduleCode: 'BBA001_M1',
  referenceNumber: 'BBA001_M1_A2',
  createdAt: 2025-06-04T10:51:51.736Z,
  updatedAt: 2025-08-23T21:31:05.906Z,
  __v: 0
},{
  _id: new ObjectId('68402548e0fa2fbb759b202d'),
  assignmentID: 'CS002_BBA001_M1_A2',
  assignmentName: 'Assignment_M1_A2',
  assignmentType: 'Essay',
  assignmentDeadline: '2025-06-26T18:00:00.000Z',
  wordCount: '234',
  assignmentProgress: 'TBA',
  assignmentGrade: '',
  fileList: [],
  assignmentNature: 'dynamic',
  moduleCode: 'BBA001_M1',
  referenceNumber: 'BBA001_M1_A2',
  createdAt: 2025-06-04T10:51:52.189Z,
  updatedAt: 2025-08-23T21:31:05.906Z,
  __v: 0
},{
  _id: new ObjectId('6876aaae7c7c257b334c2a9a'),
  assignmentID: '12345_BBA001_M1_A2',
  assignmentName: 'Assignment_M1_A2',
  assignmentType: 'Essay',
  assignmentDeadline: '2025-06-26T18:00:00.000Z',
  wordCount: '234',
  assignmentProgress: 'TBA',
  assignmentGrade: '',
  fileList: [],
  assignmentNature: 'dynamic',
  moduleCode: 'BBA001_M1',
  referenceNumber: 'BBA001_M1_A2',
  createdAt: 2025-07-15T19:23:26.911Z,
  updatedAt: 2025-08-23T21:31:05.906Z,
  __v: 0
}
[2025-08-23T21:31:36.642Z] [LOG] dyn {
  _id: new ObjectId('68402547e0fa2fbb759b201f'),
  assignmentID: 'CS001_BBA001_M1_A1',
  assignmentName: 'Assignment_M1_A1',
  assignmentType: 'Essay',
  assignmentDeadline: '2025-06-11T18:00:00.000Z',
  wordCount: '123',
  assignmentProgress: 'TBA',
  assignmentGrade: '',
  fileList: [ new ObjectId('685dda31d58dae67a24aa382') ],
  assignmentNature: 'dynamic',
  moduleCode: 'BBA001_M1',
  referenceNumber: 'BBA001_M1_A1',
  createdAt: 2025-06-04T10:51:51.738Z,
  updatedAt: 2025-08-23T21:31:05.924Z,
  __v: 0,
  metadata: {
    goTo: '/task/january_2025/BBA001',
    grandParentDataId: new ObjectId('684024fe13dce32de11e7724'),
    parentDataId: new ObjectId('68402548e0fa2fbb759b203b'),
    dataId: new ObjectId('68402547e0fa2fbb759b201f')
  }
},{
  _id: new ObjectId('68402548e0fa2fbb759b202f'),
  assignmentID: 'CS002_BBA001_M1_A1',
  assignmentName: 'Assignment_M1_A1',
  assignmentType: 'Essay',
  assignmentDeadline: '2025-06-11T18:00:00.000Z',
  wordCount: '123',
  assignmentProgress: 'TBA',
  assignmentGrade: '',
  fileList: [],
  assignmentNature: 'dynamic',
  moduleCode: 'BBA001_M1',
  referenceNumber: 'BBA001_M1_A1',
  createdAt: 2025-06-04T10:51:52.190Z,
  updatedAt: 2025-08-23T21:31:05.924Z,
  __v: 0,
  metadata: {
    goTo: '/task/january_2025/BBA001',
    grandParentDataId: new ObjectId('684024b80656e42b5807731b'),
    parentDataId: new ObjectId('68402548e0fa2fbb759b203b'),
    dataId: new ObjectId('68402548e0fa2fbb759b202f')
  }
},{
  _id: new ObjectId('6876aaae7c7c257b334c2a9d'),
  assignmentID: '12345_BBA001_M1_A1',
  assignmentName: 'Assignment_M1_A1',
  assignmentType: 'Essay',
  assignmentDeadline: '2025-06-11T18:00:00.000Z',
  wordCount: '123',
  assignmentProgress: 'TBA',
  assignmentGrade: '',
  fileList: [],
  assignmentNature: 'dynamic',
  moduleCode: 'BBA001_M1',
  referenceNumber: 'BBA001_M1_A1',
  createdAt: 2025-07-15T19:23:26.920Z,
  updatedAt: 2025-08-23T21:31:05.924Z,
  __v: 0
}
[2025-08-23T21:31:37.025Z] [LOG] Student log STUDENTLOG--0672 created and added to student 12345
[2025-08-23T21:31:37.028Z] [LOG] Student log STUDENTLOG--0669 created and added to student 12345
[2025-08-23T21:31:37.029Z] [LOG] Student log STUDENTLOG--0671 created and added to student CS002
[2025-08-23T21:31:37.029Z] [LOG] Student log STUDENTLOG--0670 created and added to student CS001
[2025-08-23T21:31:37.035Z] [LOG] Student log STUDENTLOG--0673 created and added to student CS002
[2025-08-23T21:31:37.051Z] [LOG] Student log STUDENTLOG--0674 created and added to student CS001
[2025-08-23T21:31:37.468Z] [LOG] Degree BBA001-2 updated successfully
[2025-08-23T21:32:26.168Z] [LOG] ✅ Express app initialized
[2025-08-23T21:32:26.172Z] [LOG] Listening on port 8080
[2025-08-23T21:32:27.237Z] [LOG] MongoDB connected on INFORMATION
[2025-08-23T21:32:27.261Z] [LOG] MongoDB connected on AUTH
[2025-08-23T21:32:27.271Z] [LOG] MongoDB connected on FILE
[2025-08-23T21:32:37.269Z] [LOG] BBA001_M1
[2025-08-23T21:32:37.423Z] [LOG] Student log STUDENTLOG--0675 created and added to student 12345
[2025-08-23T21:32:37.431Z] [LOG] Student log STUDENTLOG--0676 created and added to student CS001
[2025-08-23T21:32:37.441Z] [LOG] Student log STUDENTLOG--0677 created and added to student CS002
[2025-08-23T21:32:37.516Z] [LOG] dyn {
  _id: new ObjectId('68402547e0fa2fbb759b201d'),
  assignmentID: 'CS001_BBA001_M1_A2',
  assignmentName: 'Assignment_M1_A2',
  assignmentType: 'Essay',
  assignmentDeadline: '2025-06-26T18:00:00.000Z',
  wordCount: '234',
  assignmentProgress: 'TBA',
  assignmentGrade: '',
  fileList: [ new ObjectId('685e0c39fe20ae0e689b45f2') ],
  assignmentNature: 'dynamic',
  moduleCode: 'BBA001_M1',
  referenceNumber: 'BBA001-2_M1_A2',
  createdAt: 2025-06-04T10:51:51.736Z,
  updatedAt: 2025-08-23T21:31:36.630Z,
  __v: 0
},{
  _id: new ObjectId('68402548e0fa2fbb759b202d'),
  assignmentID: 'CS002_BBA001_M1_A2',
  assignmentName: 'Assignment_M1_A2',
  assignmentType: 'Essay',
  assignmentDeadline: '2025-06-26T18:00:00.000Z',
  wordCount: '234',
  assignmentProgress: 'TBA',
  assignmentGrade: '',
  fileList: [],
  assignmentNature: 'dynamic',
  moduleCode: 'BBA001_M1',
  referenceNumber: 'BBA001-2_M1_A2',
  createdAt: 2025-06-04T10:51:52.189Z,
  updatedAt: 2025-08-23T21:31:36.631Z,
  __v: 0
},{
  _id: new ObjectId('6876aaae7c7c257b334c2a9a'),
  assignmentID: '12345_BBA001_M1_A2',
  assignmentName: 'Assignment_M1_A2',
  assignmentType: 'Essay',
  assignmentDeadline: '2025-06-26T18:00:00.000Z',
  wordCount: '234',
  assignmentProgress: 'TBA',
  assignmentGrade: '',
  fileList: [],
  assignmentNature: 'dynamic',
  moduleCode: 'BBA001_M1',
  referenceNumber: 'BBA001-2_M1_A2',
  createdAt: 2025-07-15T19:23:26.911Z,
  updatedAt: 2025-08-23T21:31:36.631Z,
  __v: 0
}
[2025-08-23T21:32:37.521Z] [LOG] dyn {
  _id: new ObjectId('68402547e0fa2fbb759b201f'),
  assignmentID: 'CS001_BBA001_M1_A1',
  assignmentName: 'Assignment_M1_A1',
  assignmentType: 'Essay',
  assignmentDeadline: '2025-06-11T18:00:00.000Z',
  wordCount: '123',
  assignmentProgress: 'TBA',
  assignmentGrade: '',
  fileList: [ new ObjectId('685dda31d58dae67a24aa382') ],
  assignmentNature: 'dynamic',
  moduleCode: 'BBA001_M1',
  referenceNumber: 'BBA001-2_M1_A1',
  createdAt: 2025-06-04T10:51:51.738Z,
  updatedAt: 2025-08-23T21:31:36.644Z,
  __v: 0,
  metadata: {
    goTo: '/task/january_2025/BBA001',
    grandParentDataId: new ObjectId('684024fe13dce32de11e7724'),
    parentDataId: new ObjectId('68402548e0fa2fbb759b203b'),
    dataId: new ObjectId('68402547e0fa2fbb759b201f')
  }
},{
  _id: new ObjectId('68402548e0fa2fbb759b202f'),
  assignmentID: 'CS002_BBA001_M1_A1',
  assignmentName: 'Assignment_M1_A1',
  assignmentType: 'Essay',
  assignmentDeadline: '2025-06-11T18:00:00.000Z',
  wordCount: '123',
  assignmentProgress: 'TBA',
  assignmentGrade: '',
  fileList: [],
  assignmentNature: 'dynamic',
  moduleCode: 'BBA001_M1',
  referenceNumber: 'BBA001-2_M1_A1',
  createdAt: 2025-06-04T10:51:52.190Z,
  updatedAt: 2025-08-23T21:31:36.644Z,
  __v: 0,
  metadata: {
    goTo: '/task/january_2025/BBA001',
    grandParentDataId: new ObjectId('684024b80656e42b5807731b'),
    parentDataId: new ObjectId('68402548e0fa2fbb759b203b'),
    dataId: new ObjectId('68402548e0fa2fbb759b202f')
  }
},{
  _id: new ObjectId('6876aaae7c7c257b334c2a9d'),
  assignmentID: '12345_BBA001_M1_A1',
  assignmentName: 'Assignment_M1_A1',
  assignmentType: 'Essay',
  assignmentDeadline: '2025-06-11T18:00:00.000Z',
  wordCount: '123',
  assignmentProgress: 'TBA',
  assignmentGrade: '',
  fileList: [],
  assignmentNature: 'dynamic',
  moduleCode: 'BBA001_M1',
  referenceNumber: 'BBA001-2_M1_A1',
  createdAt: 2025-07-15T19:23:26.920Z,
  updatedAt: 2025-08-23T21:31:36.644Z,
  __v: 0
}
[2025-08-23T21:32:37.935Z] [LOG] Student log STUDENTLOG--0680 created and added to student 12345
[2025-08-23T21:32:37.937Z] [LOG] Student log STUDENTLOG--0679 created and added to student CS002
[2025-08-23T21:32:37.938Z] [LOG] Student log STUDENTLOG--0678 created and added to student CS001
[2025-08-23T21:32:38.340Z] [LOG] Student log STUDENTLOG--0681 created and added to student CS001
[2025-08-23T21:32:38.350Z] [LOG] Student log STUDENTLOG--0682 created and added to student 12345
[2025-08-23T21:32:38.352Z] [LOG] Student log STUDENTLOG--0683 created and added to student CS002
[2025-08-23T21:32:38.768Z] [LOG] Degree BBA001 updated successfully
[2025-08-23T21:32:55.421Z] [LOG] ✅ Express app initialized
[2025-08-23T21:32:55.424Z] [LOG] Listening on port 8080
[2025-08-23T21:32:56.276Z] [LOG] MongoDB connected on FILE
[2025-08-23T21:32:56.293Z] [LOG] MongoDB connected on INFORMATION
[2025-08-23T21:32:56.299Z] [LOG] MongoDB connected on AUTH
[2025-08-23T21:33:29.389Z] [LOG] Student log STUDENTLOG--0684 created and added to student CS002
[2025-08-23T21:33:29.391Z] [LOG] Student log STUDENTLOG--0685 created and added to student CS001
[2025-08-23T21:33:29.391Z] [LOG] Student log STUDENTLOG--0686 created and added to student 12345
[2025-08-23T21:33:29.875Z] [LOG] Student log STUDENTLOG--0688 created and added to student 12345
[2025-08-23T21:33:29.875Z] [LOG] Student log STUDENTLOG--0689 created and added to student CS002
[2025-08-23T21:33:29.876Z] [LOG] Student log STUDENTLOG--0687 created and added to student CS001
[2025-08-23T21:33:30.475Z] [LOG] Student log STUDENTLOG--0690 created and added to student CS001
[2025-08-23T21:33:30.478Z] [LOG] Student log STUDENTLOG--0691 created and added to student 12345
[2025-08-23T21:33:30.484Z] [LOG] Student log STUDENTLOG--0692 created and added to student CS002
[2025-08-23T21:33:30.899Z] [LOG] Degree BBA001-2 updated successfully
[2025-08-23T21:33:40.952Z] [LOG] BBA001-2_M1 684024fe13dce32de11e7724
[2025-08-23T21:33:40.953Z] [LOG] BBA001-2_M1 684024fe13dce32de11e7724
[2025-08-23T21:33:41.030Z] [LOG] { _id: new ObjectId('68402548e0fa2fbb759b203b') }
[2025-08-23T21:33:41.031Z] [LOG] { _id: new ObjectId('68402548e0fa2fbb759b203b') }
[2025-08-23T21:33:58.425Z] [LOG] ✅ Express app initialized
[2025-08-23T21:33:58.428Z] [LOG] Listening on port 8080
[2025-08-23T21:33:59.258Z] [LOG] MongoDB connected on FILE
[2025-08-23T21:33:59.345Z] [LOG] MongoDB connected on INFORMATION
[2025-08-23T21:33:59.349Z] [LOG] MongoDB connected on AUTH
[2025-08-23T21:34:01.540Z] [LOG] BBA001-2_M1 684024fe13dce32de11e7724
[2025-08-23T21:34:01.546Z] [LOG] BBA001-2_M1 684024fe13dce32de11e7724
[2025-08-23T21:34:01.624Z] [LOG] { _id: new ObjectId('68402548e0fa2fbb759b203b') }
[2025-08-23T21:34:01.627Z] [LOG] { _id: new ObjectId('68402548e0fa2fbb759b203b') }
[2025-08-23T21:35:35.655Z] [LOG] ✅ Express app initialized
[2025-08-23T21:35:35.661Z] [LOG] Listening on port 8080
[2025-08-23T21:35:36.694Z] [LOG] MongoDB connected on AUTH
[2025-08-23T21:35:36.697Z] [LOG] MongoDB connected on FILE
[2025-08-23T21:35:36.768Z] [LOG] MongoDB connected on INFORMATION
[2025-08-23T21:36:03.703Z] [LOG] ✅ Express app initialized
[2025-08-23T21:36:03.707Z] [LOG] Listening on port 8080
[2025-08-23T21:36:04.652Z] [LOG] MongoDB connected on FILE
[2025-08-23T21:36:04.656Z] [LOG] MongoDB connected on AUTH
[2025-08-23T21:36:04.736Z] [LOG] MongoDB connected on INFORMATION
[2025-08-23T21:37:11.943Z] [LOG] Student log STUDENTLOG--22062 created and added to student June-23-3y-B&T-03
[2025-08-23T21:37:11.990Z] [LOG] Student log STUDENTLOG--22064 created and added to student June-23-3y-B&T-01
[2025-08-23T21:37:12.006Z] [LOG] Student log STUDENTLOG--22065 created and added to student June-23-3y-B&T-05
[2025-08-23T21:37:12.024Z] [LOG] Student log STUDENTLOG--22066 created and added to student June-23-3y-B&T-08
[2025-08-23T21:37:12.025Z] [LOG] Student log STUDENTLOG--22067 created and added to student June-23-3y-B&T-09
[2025-08-23T21:37:12.026Z] [LOG] Student log STUDENTLOG--22068 created and added to student June-23-3y-B&T-10
[2025-08-23T21:37:12.036Z] [LOG] Student log STUDENTLOG--22069 created and added to student June-23-3y-B&T-11
[2025-08-23T21:37:12.066Z] [LOG] Student log STUDENTLOG--22070 created and added to student June-23-3y-B&T-12
[2025-08-23T21:37:12.068Z] [LOG] Student log STUDENTLOG--22071 created and added to student June-23-3y-B&T-13
[2025-08-23T21:37:12.099Z] [LOG] Student log STUDENTLOG--22073 created and added to student June-23-3y-B&T-15
[2025-08-23T21:37:12.105Z] [LOG] Student log STUDENTLOG--22072 created and added to student June-23-3y-B&T-14
[2025-08-23T21:37:12.264Z] [LOG] Student log STUDENTLOG--22074 created and added to student June-23-3y-B&T-07
[2025-08-23T21:37:12.297Z] [LOG] Student log STUDENTLOG--22075 created and added to student June-23-3y-B&T-06
[2025-08-23T21:37:12.336Z] [LOG] Student log STUDENTLOG--22061 created and added to student June-23-3y-B&T-04
[2025-08-23T21:37:12.363Z] [LOG] Student log STUDENTLOG--22063 created and added to student June-23-3y-B&T-02
[2025-08-23T21:37:13.071Z] [LOG] Student log STUDENTLOG--22076 created and added to student June-23-3y-B&T-03
[2025-08-23T21:37:13.093Z] [LOG] Student log STUDENTLOG--22077 created and added to student June-23-3y-B&T-02
[2025-08-23T21:37:13.100Z] [LOG] Student log STUDENTLOG--22078 created and added to student June-23-3y-B&T-07
[2025-08-23T21:37:13.119Z] [LOG] Student log STUDENTLOG--22080 created and added to student June-23-3y-B&T-04
[2025-08-23T21:37:13.124Z] [LOG] Student log STUDENTLOG--22083 created and added to student June-23-3y-B&T-01
[2025-08-23T21:37:13.125Z] [LOG] Student log STUDENTLOG--22082 created and added to student June-23-3y-B&T-11
[2025-08-23T21:37:13.127Z] [LOG] Student log STUDENTLOG--22079 created and added to student June-23-3y-B&T-06
[2025-08-23T21:37:13.128Z] [LOG] Student log STUDENTLOG--22081 created and added to student June-23-3y-B&T-05
[2025-08-23T21:37:13.132Z] [LOG] Student log STUDENTLOG--22084 created and added to student June-23-3y-B&T-10
[2025-08-23T21:37:13.138Z] [LOG] Student log STUDENTLOG--22085 created and added to student June-23-3y-B&T-12
[2025-08-23T21:37:13.140Z] [LOG] Student log STUDENTLOG--22086 created and added to student June-23-3y-B&T-14
[2025-08-23T21:37:13.153Z] [LOG] Student log STUDENTLOG--22087 created and added to student June-23-3y-B&T-13
[2025-08-23T21:37:13.176Z] [LOG] Student log STUDENTLOG--22088 created and added to student June-23-3y-B&T-15
[2025-08-23T21:37:13.182Z] [LOG] Student log STUDENTLOG--22089 created and added to student June-23-3y-B&T-01
[2025-08-23T21:37:13.198Z] [LOG] Student log STUDENTLOG--22090 created and added to student June-23-3y-B&T-02
[2025-08-23T21:37:13.201Z] [LOG] Student log STUDENTLOG--22091 created and added to student June-23-3y-B&T-03
[2025-08-23T21:37:13.203Z] [LOG] Student log STUDENTLOG--22092 created and added to student June-23-3y-B&T-04
[2025-08-23T21:37:13.208Z] [LOG] Student log STUDENTLOG--22093 created and added to student June-23-3y-B&T-05
[2025-08-23T21:37:13.211Z] [LOG] Student log STUDENTLOG--22095 created and added to student June-23-3y-B&T-07
[2025-08-23T21:37:13.211Z] [LOG] Student log STUDENTLOG--22094 created and added to student June-23-3y-B&T-06
[2025-08-23T21:37:13.217Z] [LOG] Student log STUDENTLOG--22096 created and added to student June-23-3y-B&T-08
[2025-08-23T21:37:13.218Z] [LOG] Student log STUDENTLOG--22098 created and added to student June-23-3y-B&T-10
[2025-08-23T21:37:13.235Z] [LOG] Student log STUDENTLOG--22097 created and added to student June-23-3y-B&T-09
[2025-08-23T21:37:13.259Z] [LOG] Student log STUDENTLOG--22099 created and added to student June-23-3y-B&T-11
[2025-08-23T21:37:13.264Z] [LOG] Student log STUDENTLOG--22100 created and added to student June-23-3y-B&T-12
[2025-08-23T21:37:13.276Z] [LOG] Student log STUDENTLOG--22101 created and added to student June-23-3y-B&T-13
[2025-08-23T21:37:13.356Z] [LOG] Student log STUDENTLOG--22102 created and added to student June-23-3y-B&T-08
[2025-08-23T21:37:13.357Z] [LOG] Student log STUDENTLOG--22103 created and added to student June-23-3y-B&T-09
[2025-08-23T21:37:13.487Z] [LOG] Student log STUDENTLOG--22104 created and added to student June-23-3y-B&T-14
[2025-08-23T21:37:13.487Z] [LOG] Student log STUDENTLOG--22105 created and added to student June-23-3y-B&T-15
[2025-08-23T21:37:13.907Z] [LOG] Degree June_23_3y_Business&Tourism updated successfully
[2025-08-23T21:48:16.811Z] [LOG] Student log STUDENTLOG--22106 created and added to student June-23-3y-B&T-01
[2025-08-23T21:48:16.814Z] [LOG] Student log STUDENTLOG--22109 created and added to student June-23-3y-B&T-04
[2025-08-23T21:48:16.815Z] [LOG] Student log STUDENTLOG--22107 created and added to student June-23-3y-B&T-12
[2025-08-23T21:48:16.817Z] [LOG] Student log STUDENTLOG--22108 created and added to student June-23-3y-B&T-10
[2025-08-23T21:48:16.818Z] [LOG] Student log STUDENTLOG--22110 created and added to student June-23-3y-B&T-03
[2025-08-23T21:48:16.818Z] [LOG] Student log STUDENTLOG--22111 created and added to student June-23-3y-B&T-02
[2025-08-23T21:48:16.828Z] [LOG] Student log STUDENTLOG--22113 created and added to student June-23-3y-B&T-06
[2025-08-23T21:48:16.831Z] [LOG] Student log STUDENTLOG--22112 created and added to student June-23-3y-B&T-09
[2025-08-23T21:48:16.831Z] [LOG] Student log STUDENTLOG--22114 created and added to student June-23-3y-B&T-08
[2025-08-23T21:48:16.838Z] [LOG] Student log STUDENTLOG--22116 created and added to student June-23-3y-B&T-07
[2025-08-23T21:48:16.843Z] [LOG] Student log STUDENTLOG--22115 created and added to student June-23-3y-B&T-11
[2025-08-23T21:48:16.843Z] [LOG] Student log STUDENTLOG--22117 created and added to student June-23-3y-B&T-05
[2025-08-23T21:48:16.844Z] [LOG] Student log STUDENTLOG--22118 created and added to student June-23-3y-B&T-13
[2025-08-23T21:48:17.449Z] [LOG] Student log STUDENTLOG--22119 created and added to student June-23-3y-B&T-15
[2025-08-23T21:48:17.466Z] [LOG] Student log STUDENTLOG--22120 created and added to student June-23-3y-B&T-14
[2025-08-23T21:48:18.286Z] [LOG] Student log STUDENTLOG--22130 created and added to student June-23-3y-B&T-05
[2025-08-23T21:48:18.286Z] [LOG] Student log STUDENTLOG--22124 created and added to student June-23-3y-B&T-12
[2025-08-23T21:48:18.287Z] [LOG] Student log STUDENTLOG--22125 created and added to student June-23-3y-B&T-07
[2025-08-23T21:48:18.287Z] [LOG] Student log STUDENTLOG--22121 created and added to student June-23-3y-B&T-14
[2025-08-23T21:48:18.288Z] [LOG] Student log STUDENTLOG--22126 created and added to student June-23-3y-B&T-08
[2025-08-23T21:48:18.289Z] [LOG] Student log STUDENTLOG--22129 created and added to student June-23-3y-B&T-10
[2025-08-23T21:48:18.289Z] [LOG] Student log STUDENTLOG--22128 created and added to student June-23-3y-B&T-09
[2025-08-23T21:48:18.290Z] [LOG] Student log STUDENTLOG--22123 created and added to student June-23-3y-B&T-11
[2025-08-23T21:48:18.290Z] [LOG] Student log STUDENTLOG--22131 created and added to student June-23-3y-B&T-03
[2025-08-23T21:48:18.291Z] [LOG] Student log STUDENTLOG--22122 created and added to student June-23-3y-B&T-13
[2025-08-23T21:48:18.293Z] [LOG] Student log STUDENTLOG--22133 created and added to student June-23-3y-B&T-02
[2025-08-23T21:48:18.363Z] [LOG] Student log STUDENTLOG--22134 created and added to student June-23-3y-B&T-04
[2025-08-23T21:48:18.364Z] [LOG] Student log STUDENTLOG--22136 created and added to student June-23-3y-B&T-03
[2025-08-23T21:48:18.366Z] [LOG] Student log STUDENTLOG--22135 created and added to student June-23-3y-B&T-01
[2025-08-23T21:48:18.368Z] [LOG] Student log STUDENTLOG--22140 created and added to student June-23-3y-B&T-07
[2025-08-23T21:48:18.369Z] [LOG] Student log STUDENTLOG--22139 created and added to student June-23-3y-B&T-06
[2025-08-23T21:48:18.370Z] [LOG] Student log STUDENTLOG--22142 created and added to student June-23-3y-B&T-09
[2025-08-23T21:48:18.370Z] [LOG] Student log STUDENTLOG--22143 created and added to student June-23-3y-B&T-10
[2025-08-23T21:48:18.371Z] [LOG] Student log STUDENTLOG--22137 created and added to student June-23-3y-B&T-04
[2025-08-23T21:48:18.372Z] [LOG] Student log STUDENTLOG--22146 created and added to student June-23-3y-B&T-13
[2025-08-23T21:48:18.372Z] [LOG] Student log STUDENTLOG--22138 created and added to student June-23-3y-B&T-05
[2025-08-23T21:48:18.375Z] [LOG] Student log STUDENTLOG--22148 created and added to student June-23-3y-B&T-15
[2025-08-23T21:48:18.376Z] [LOG] Student log STUDENTLOG--22145 created and added to student June-23-3y-B&T-11
[2025-08-23T21:48:18.376Z] [LOG] Student log STUDENTLOG--22141 created and added to student June-23-3y-B&T-08
[2025-08-23T21:48:18.378Z] [LOG] Student log STUDENTLOG--22147 created and added to student June-23-3y-B&T-14
[2025-08-23T21:48:18.379Z] [LOG] Student log STUDENTLOG--22144 created and added to student June-23-3y-B&T-12
[2025-08-23T21:48:18.514Z] [LOG] Student log STUDENTLOG--22132 created and added to student June-23-3y-B&T-01
[2025-08-23T21:48:18.531Z] [LOG] Student log STUDENTLOG--22149 created and added to student June-23-3y-B&T-15
[2025-08-23T21:48:18.538Z] [LOG] Student log STUDENTLOG--22150 created and added to student June-23-3y-B&T-02
[2025-08-23T21:48:18.562Z] [LOG] Student log STUDENTLOG--22127 created and added to student June-23-3y-B&T-06
[2025-08-23T21:48:18.999Z] [LOG] Degree June_22_3y_CCCU Business & Tourism updated successfully
[2025-08-23T21:48:53.944Z] [LOG] Student log STUDENTLOG--22151 created and added to student June-23-3y-B&T-04
[2025-08-23T21:48:53.947Z] [LOG] Student log STUDENTLOG--22152 created and added to student June-23-3y-B&T-13
[2025-08-23T21:48:53.951Z] [LOG] Student log STUDENTLOG--22153 created and added to student June-23-3y-B&T-02
[2025-08-23T21:48:53.951Z] [LOG] Student log STUDENTLOG--22154 created and added to student June-23-3y-B&T-14
[2025-08-23T21:48:53.955Z] [LOG] Student log STUDENTLOG--22156 created and added to student June-23-3y-B&T-06
[2025-08-23T21:48:53.955Z] [LOG] Student log STUDENTLOG--22155 created and added to student June-23-3y-B&T-11
[2025-08-23T21:48:53.959Z] [LOG] Student log STUDENTLOG--22157 created and added to student June-23-3y-B&T-03
[2025-08-23T21:48:53.959Z] [LOG] Student log STUDENTLOG--22158 created and added to student June-23-3y-B&T-15
[2025-08-23T21:48:53.964Z] [LOG] Student log STUDENTLOG--22159 created and added to student June-23-3y-B&T-09
[2025-08-23T21:48:53.968Z] [LOG] Student log STUDENTLOG--22160 created and added to student June-23-3y-B&T-07
[2025-08-23T21:48:53.968Z] [LOG] Student log STUDENTLOG--22161 created and added to student June-23-3y-B&T-08
[2025-08-23T21:48:53.972Z] [LOG] Student log STUDENTLOG--22162 created and added to student June-23-3y-B&T-12
[2025-08-23T21:48:53.974Z] [LOG] Student log STUDENTLOG--22163 created and added to student June-23-3y-B&T-01
[2025-08-23T21:48:53.985Z] [LOG] Student log STUDENTLOG--22164 created and added to student June-23-3y-B&T-10
[2025-08-23T21:48:53.985Z] [LOG] Student log STUDENTLOG--22165 created and added to student June-23-3y-B&T-05
[2025-08-23T21:48:54.712Z] [LOG] Student log STUDENTLOG--22166 created and added to student June-23-3y-B&T-01
[2025-08-23T21:48:54.716Z] [LOG] Student log STUDENTLOG--22167 created and added to student June-23-3y-B&T-03
[2025-08-23T21:48:54.718Z] [LOG] Student log STUDENTLOG--22168 created and added to student June-23-3y-B&T-06
[2025-08-23T21:48:54.727Z] [LOG] Student log STUDENTLOG--22171 created and added to student June-23-3y-B&T-04
[2025-08-23T21:48:54.730Z] [LOG] Student log STUDENTLOG--22169 created and added to student June-23-3y-B&T-05
[2025-08-23T21:48:54.733Z] [LOG] Student log STUDENTLOG--22170 created and added to student June-23-3y-B&T-02
[2025-08-23T21:48:54.776Z] [LOG] Student log STUDENTLOG--22172 created and added to student June-23-3y-B&T-08
[2025-08-23T21:48:54.776Z] [LOG] Student log STUDENTLOG--22173 created and added to student June-23-3y-B&T-10
[2025-08-23T21:48:54.782Z] [LOG] Student log STUDENTLOG--22174 created and added to student June-23-3y-B&T-13
[2025-08-23T21:48:54.783Z] [LOG] Student log STUDENTLOG--22175 created and added to student June-23-3y-B&T-15
[2025-08-23T21:48:54.791Z] [LOG] Student log STUDENTLOG--22176 created and added to student June-23-3y-B&T-09
[2025-08-23T21:48:54.810Z] [LOG] Student log STUDENTLOG--22178 created and added to student June-23-3y-B&T-07
[2025-08-23T21:48:54.815Z] [LOG] Student log STUDENTLOG--22177 created and added to student June-23-3y-B&T-11
[2025-08-23T21:48:54.818Z] [LOG] Student log STUDENTLOG--22179 created and added to student June-23-3y-B&T-14
[2025-08-23T21:48:54.853Z] [LOG] Student log STUDENTLOG--22180 created and added to student June-23-3y-B&T-12
[2025-08-23T21:48:55.474Z] [LOG] Student log STUDENTLOG--22181 created and added to student June-23-3y-B&T-06
[2025-08-23T21:48:55.476Z] [LOG] Student log STUDENTLOG--22182 created and added to student June-23-3y-B&T-02
[2025-08-23T21:48:55.477Z] [LOG] Student log STUDENTLOG--22183 created and added to student June-23-3y-B&T-04
[2025-08-23T21:48:55.554Z] [LOG] Student log STUDENTLOG--22190 created and added to student June-23-3y-B&T-13
[2025-08-23T21:48:55.559Z] [LOG] Student log STUDENTLOG--22186 created and added to student June-23-3y-B&T-11
[2025-08-23T21:48:55.559Z] [LOG] Student log STUDENTLOG--22185 created and added to student June-23-3y-B&T-03
[2025-08-23T21:48:55.559Z] [LOG] Student log STUDENTLOG--22188 created and added to student June-23-3y-B&T-10
[2025-08-23T21:48:55.561Z] [LOG] Student log STUDENTLOG--22191 created and added to student June-23-3y-B&T-12
[2025-08-23T21:48:55.561Z] [LOG] Student log STUDENTLOG--22189 created and added to student June-23-3y-B&T-05
[2025-08-23T21:48:55.561Z] [LOG] Student log STUDENTLOG--22187 created and added to student June-23-3y-B&T-01
[2025-08-23T21:48:55.562Z] [LOG] Student log STUDENTLOG--22192 created and added to student June-23-3y-B&T-14
[2025-08-23T21:48:55.563Z] [LOG] Student log STUDENTLOG--22184 created and added to student June-23-3y-B&T-07
[2025-08-23T21:48:55.565Z] [LOG] Student log STUDENTLOG--22193 created and added to student June-23-3y-B&T-15
[2025-08-23T21:48:55.942Z] [LOG] Student log STUDENTLOG--22194 created and added to student June-23-3y-B&T-09
[2025-08-23T21:48:55.964Z] [LOG] Student log STUDENTLOG--22195 created and added to student June-23-3y-B&T-08
[2025-08-23T21:48:56.386Z] [LOG] Degree June_23_3y_Business&Tourism updated successfully
